07-31 18:54:09.362 22429 22450 I TestRunner: started: clicking_grid_list_button_displays_grid_list(com.example.dogglers.ButtonTests)
07-31 18:54:09.364 22429 22450 W Settings: Setting always_finish_activities has moved from android.provider.Settings.System to android.provider.Settings.Global, returning read-only value.
07-31 18:54:09.371 22429 22429 D LifecycleMonitor: Lifecycle status change: androidx.test.core.app.InstrumentationActivityInvoker$BootstrapActivity@447eb71 in: PRE_ON_CREATE
07-31 18:54:09.371 22429 22429 V ActivityScenario: Activity lifecycle changed event received but ignored because the intent does not match. startActivityIntent=Intent { act=android.intent.action.MAIN cat=[android.intent.category.LAUNCHER] cmp=com.example.dogglers/.MainActivity }, activity.getIntent()=Intent { act=android.intent.action.MAIN cat=[android.intent.category.LAUNCHER] flg=0x10008000 cmp=com.example.dogglers/androidx.test.core.app.InstrumentationActivityInvoker$BootstrapActivity (has extras) }, activity=androidx.test.core.app.InstrumentationActivityInvoker$BootstrapActivity@447eb71
07-31 18:54:09.373 22429 22429 D LifecycleMonitor: Lifecycle status change: androidx.test.core.app.InstrumentationActivityInvoker$BootstrapActivity@447eb71 in: CREATED
07-31 18:54:09.373 22429 22429 V ActivityScenario: Activity lifecycle changed event received but ignored because the intent does not match. startActivityIntent=Intent { act=android.intent.action.MAIN cat=[android.intent.category.LAUNCHER] cmp=com.example.dogglers/.MainActivity }, activity.getIntent()=Intent { act=android.intent.action.MAIN cat=[android.intent.category.LAUNCHER] flg=0x10008000 cmp=com.example.dogglers/androidx.test.core.app.InstrumentationActivityInvoker$BootstrapActivity (has extras) }, activity=androidx.test.core.app.InstrumentationActivityInvoker$BootstrapActivity@447eb71
07-31 18:54:09.374 22429 22429 D LifecycleMonitor: Lifecycle status change: androidx.test.core.app.InstrumentationActivityInvoker$BootstrapActivity@447eb71 in: STARTED
07-31 18:54:09.374 22429 22429 V ActivityScenario: Activity lifecycle changed event received but ignored because the intent does not match. startActivityIntent=Intent { act=android.intent.action.MAIN cat=[android.intent.category.LAUNCHER] cmp=com.example.dogglers/.MainActivity }, activity.getIntent()=Intent { act=android.intent.action.MAIN cat=[android.intent.category.LAUNCHER] flg=0x10008000 cmp=com.example.dogglers/androidx.test.core.app.InstrumentationActivityInvoker$BootstrapActivity (has extras) }, activity=androidx.test.core.app.InstrumentationActivityInvoker$BootstrapActivity@447eb71
07-31 18:54:09.376 22429 22429 D LifecycleMonitor: Lifecycle status change: androidx.test.core.app.InstrumentationActivityInvoker$BootstrapActivity@447eb71 in: RESUMED
07-31 18:54:09.377 22429 22429 V ActivityScenario: Activity lifecycle changed event received but ignored because the intent does not match. startActivityIntent=Intent { act=android.intent.action.MAIN cat=[android.intent.category.LAUNCHER] cmp=com.example.dogglers/.MainActivity }, activity.getIntent()=Intent { act=android.intent.action.MAIN cat=[android.intent.category.LAUNCHER] flg=0x10008000 cmp=com.example.dogglers/androidx.test.core.app.InstrumentationActivityInvoker$BootstrapActivity (has extras) }, activity=androidx.test.core.app.InstrumentationActivityInvoker$BootstrapActivity@447eb71
07-31 18:54:09.377 22429 22429 D LifecycleMonitor: Lifecycle status change: androidx.test.core.app.InstrumentationActivityInvoker$BootstrapActivity@447eb71 in: PAUSED
07-31 18:54:09.377 22429 22429 V ActivityScenario: Activity lifecycle changed event received but ignored because the intent does not match. startActivityIntent=Intent { act=android.intent.action.MAIN cat=[android.intent.category.LAUNCHER] cmp=com.example.dogglers/.MainActivity }, activity.getIntent()=Intent { act=android.intent.action.MAIN cat=[android.intent.category.LAUNCHER] flg=0x10008000 cmp=com.example.dogglers/androidx.test.core.app.InstrumentationActivityInvoker$BootstrapActivity (has extras) }, activity=androidx.test.core.app.InstrumentationActivityInvoker$BootstrapActivity@447eb71
07-31 18:54:09.380 22429 22429 D LifecycleMonitor: Lifecycle status change: com.example.dogglers.MainActivity@5328473 in: PRE_ON_CREATE
07-31 18:54:09.380 22429 22429 V ActivityScenario: Activity lifecycle changed event received but ignored because the reported transition was not ON_CREATE while the last known transition was PRE_ON_CREATE
07-31 18:54:09.386   337   337 D goldfish-address-space: claimShared: Ask to claim region [0x1ec000000 0x1ec968000]
07-31 18:54:09.388   337   337 D goldfish-address-space: claimShared: Ask to claim region [0x1ed2d0000 0x1edc38000]
07-31 18:54:09.389   337   337 D goldfish-address-space: claimShared: Ask to claim region [0x1edc38000 0x1ee5a0000]
07-31 18:54:09.397 22429 22429 D LifecycleMonitor: Lifecycle status change: com.example.dogglers.MainActivity@5328473 in: CREATED
07-31 18:54:09.397 22429 22429 V ActivityScenario: Update currentActivityStage to CREATED, currentActivity=com.example.dogglers.MainActivity@5328473
07-31 18:54:09.397 22429 22429 D LifecycleMonitor: Lifecycle status change: com.example.dogglers.MainActivity@5328473 in: STARTED
07-31 18:54:09.397 22429 22429 V ActivityScenario: Update currentActivityStage to STARTED, currentActivity=com.example.dogglers.MainActivity@5328473
07-31 18:54:09.398 22429 22429 D LifecycleMonitor: Lifecycle status change: com.example.dogglers.MainActivity@5328473 in: RESUMED
07-31 18:54:09.398 22429 22429 V ActivityScenario: Update currentActivityStage to RESUMED, currentActivity=com.example.dogglers.MainActivity@5328473
07-31 18:54:09.401 22429 22429 D LifecycleMonitor: Lifecycle status change: androidx.test.core.app.InstrumentationActivityInvoker$BootstrapActivity@447eb71 in: STOPPED
07-31 18:54:09.402 22429 22429 V ActivityScenario: Activity lifecycle changed event received but ignored because the intent does not match. startActivityIntent=Intent { act=android.intent.action.MAIN cat=[android.intent.category.LAUNCHER] cmp=com.example.dogglers/.MainActivity }, activity.getIntent()=Intent { act=android.intent.action.MAIN cat=[android.intent.category.LAUNCHER] flg=0x10008000 cmp=com.example.dogglers/androidx.test.core.app.InstrumentationActivityInvoker$BootstrapActivity (has extras) }, activity=androidx.test.core.app.InstrumentationActivityInvoker$BootstrapActivity@447eb71
07-31 18:54:09.409   337   337 D goldfish-address-space: claimShared: Ask to claim region [0x1f4968000 0x1f52d0000]
07-31 18:54:09.410   337   337 D goldfish-address-space: claimShared: Ask to claim region [0x1f52d0000 0x1f5c38000]
07-31 18:54:09.410   337   337 D goldfish-address-space: claimShared: Ask to claim region [0x1f5c38000 0x1f65a0000]
07-31 18:54:09.424   509   544 I ActivityTaskManager: Displayed com.example.dogglers/.MainActivity: +57ms
07-31 18:54:09.427 22429 22429 D RootViewPicker: Root not ready - waiting: 10ms for one to appear.
07-31 18:54:09.443  7329  7329 I GoogleInputMethodService: GoogleInputMethodService.onFinishInput():3420
07-31 18:54:09.443  7329  7329 I GoogleInputMethodService: GoogleInputMethodService.onStartInput():2002
07-31 18:54:09.443  7329  7329 I DeviceUnlockedTag: DeviceUnlockedTag.notifyDeviceLockStatusChanged():31 Notify device unlocked.
07-31 18:54:09.470  2756  2756 I GsaVoiceInteractionSrv: Handling ACTION_STOP_HOTWORD
07-31 18:54:09.470  2756  2756 E HwDetectorWithState: a: 3
07-31 18:54:09.473 22429 22429 I ViewInteraction: Performing 'single click' action on view view.getId() is <2131230936/com.example.dogglers:id/grid_btn>
07-31 18:54:09.573 22429 22429 D LifecycleMonitor: Lifecycle status change: com.example.dogglers.MainActivity@5328473 in: PAUSED
07-31 18:54:09.573 22429 22429 V ActivityScenario: Update currentActivityStage to PAUSED, currentActivity=com.example.dogglers.MainActivity@5328473
07-31 18:54:09.583 22429 22429 D LifecycleMonitor: Lifecycle status change: com.example.dogglers.GridListActivity@ff94867 in: PRE_ON_CREATE
07-31 18:54:09.583 22429 22429 V ActivityScenario: Activity lifecycle changed event received but ignored because the intent does not match. startActivityIntent=Intent { act=android.intent.action.MAIN cat=[android.intent.category.LAUNCHER] cmp=com.example.dogglers/.MainActivity }, activity.getIntent()=Intent { cmp=com.example.dogglers/.GridListActivity }, activity=com.example.dogglers.GridListActivity@ff94867
07-31 18:54:09.589 22429 22429 D LifecycleMonitor: Lifecycle status change: com.example.dogglers.GridListActivity@ff94867 in: CREATED
07-31 18:54:09.589 22429 22429 V ActivityScenario: Activity lifecycle changed event received but ignored because the intent does not match. startActivityIntent=Intent { act=android.intent.action.MAIN cat=[android.intent.category.LAUNCHER] cmp=com.example.dogglers/.MainActivity }, activity.getIntent()=Intent { cmp=com.example.dogglers/.GridListActivity }, activity=com.example.dogglers.GridListActivity@ff94867
07-31 18:54:09.590 22429 22429 D LifecycleMonitor: Lifecycle status change: com.example.dogglers.GridListActivity@ff94867 in: STARTED
07-31 18:54:09.590 22429 22429 V ActivityScenario: Activity lifecycle changed event received but ignored because the intent does not match. startActivityIntent=Intent { act=android.intent.action.MAIN cat=[android.intent.category.LAUNCHER] cmp=com.example.dogglers/.MainActivity }, activity.getIntent()=Intent { cmp=com.example.dogglers/.GridListActivity }, activity=com.example.dogglers.GridListActivity@ff94867
07-31 18:54:09.590 22429 22429 D LifecycleMonitor: Lifecycle status change: com.example.dogglers.GridListActivity@ff94867 in: RESUMED
07-31 18:54:09.591 22429 22429 V ActivityScenario: Activity lifecycle changed event received but ignored because the intent does not match. startActivityIntent=Intent { act=android.intent.action.MAIN cat=[android.intent.category.LAUNCHER] cmp=com.example.dogglers/.MainActivity }, activity.getIntent()=Intent { cmp=com.example.dogglers/.GridListActivity }, activity=com.example.dogglers.GridListActivity@ff94867
07-31 18:54:09.641   337   337 D goldfish-address-space: claimShared: Ask to claim region [0x1fae10000 0x1fb778000]
07-31 18:54:09.642   337   337 D goldfish-address-space: claimShared: Ask to claim region [0x1f8000000 0x1f8968000]
07-31 18:54:09.643   337   337 D goldfish-address-space: claimShared: Ask to claim region [0x1f8968000 0x1f92d0000]
07-31 18:54:09.711 13494 13494 I A       : onApplyWindowInsets: systemWindowInsets=Insets{left=0, top=66, right=0, bottom=132}
07-31 18:54:09.712 13494 13494 I A       : onApplyWindowInsets: systemWindowInsets=Insets{left=0, top=66, right=0, bottom=132}
07-31 18:54:09.715   509   544 I ActivityTaskManager: Displayed com.example.dogglers/.GridListActivity: +160ms
07-31 18:54:09.725   509   542 W InputManager-JNI: Input channel object 'dfc4e3e Splash Screen com.example.dogglers (client)' was disposed without first being removed with the input manager!
07-31 18:54:09.728  7329  7329 I GoogleInputMethodService: GoogleInputMethodService.onFinishInput():3420
07-31 18:54:09.728  7329  7329 I GoogleInputMethodService: GoogleInputMethodService.onStartInput():2002
07-31 18:54:09.728  7329  7329 I DeviceUnlockedTag: DeviceUnlockedTag.notifyDeviceLockStatusChanged():31 Notify device unlocked.
07-31 18:54:09.821   760   831 D EGL_emulation: app_time_stats: avg=38.12ms min=1.15ms max=403.91ms count=23
07-31 18:54:09.975 22429 22429 I ViewInteraction: Checking 'MatchesViewAssertion{viewMatcher=(view has effective visibility <VISIBLE> and view.getGlobalVisibleRect() to return non-empty rectangle)}' assertion on view view.getId() is <2131230937/com.example.dogglers:id/grid_recycler_view>
07-31 18:54:09.979 22429 22429 D LifecycleMonitor: Lifecycle status change: com.example.dogglers.GridListActivity@ff94867 in: PAUSED
07-31 18:54:09.979 22429 22429 V ActivityScenario: Activity lifecycle changed event received but ignored because the intent does not match. startActivityIntent=Intent { act=android.intent.action.MAIN cat=[android.intent.category.LAUNCHER] cmp=com.example.dogglers/.MainActivity }, activity.getIntent()=Intent { cmp=com.example.dogglers/.GridListActivity }, activity=com.example.dogglers.GridListActivity@ff94867
07-31 18:54:09.981 22429 22429 D LifecycleMonitor: Lifecycle status change: androidx.test.core.app.InstrumentationActivityInvoker$EmptyActivity@e66481b in: PRE_ON_CREATE
07-31 18:54:09.981 22429 22429 V ActivityScenario: Activity lifecycle changed event received but ignored because the intent does not match. startActivityIntent=Intent { act=android.intent.action.MAIN cat=[android.intent.category.LAUNCHER] cmp=com.example.dogglers/.MainActivity }, activity.getIntent()=Intent { act=android.intent.action.MAIN cat=[android.intent.category.LAUNCHER] flg=0x10000000 cmp=com.example.dogglers/androidx.test.core.app.InstrumentationActivityInvoker$EmptyActivity }, activity=androidx.test.core.app.InstrumentationActivityInvoker$EmptyActivity@e66481b
07-31 18:54:09.982 22429 22429 D LifecycleMonitor: Lifecycle status change: androidx.test.core.app.InstrumentationActivityInvoker$EmptyActivity@e66481b in: CREATED
07-31 18:54:09.983 22429 22429 V ActivityScenario: Activity lifecycle changed event received but ignored because the intent does not match. startActivityIntent=Intent { act=android.intent.action.MAIN cat=[android.intent.category.LAUNCHER] cmp=com.example.dogglers/.MainActivity }, activity.getIntent()=Intent { act=android.intent.action.MAIN cat=[android.intent.category.LAUNCHER] flg=0x10000000 cmp=com.example.dogglers/androidx.test.core.app.InstrumentationActivityInvoker$EmptyActivity }, activity=androidx.test.core.app.InstrumentationActivityInvoker$EmptyActivity@e66481b
07-31 18:54:09.986 22429 22429 D LifecycleMonitor: Lifecycle status change: androidx.test.core.app.InstrumentationActivityInvoker$EmptyActivity@e66481b in: STARTED
07-31 18:54:09.987 22429 22429 V ActivityScenario: Activity lifecycle changed event received but ignored because the intent does not match. startActivityIntent=Intent { act=android.intent.action.MAIN cat=[android.intent.category.LAUNCHER] cmp=com.example.dogglers/.MainActivity }, activity.getIntent()=Intent { act=android.intent.action.MAIN cat=[android.intent.category.LAUNCHER] flg=0x10000000 cmp=com.example.dogglers/androidx.test.core.app.InstrumentationActivityInvoker$EmptyActivity }, activity=androidx.test.core.app.InstrumentationActivityInvoker$EmptyActivity@e66481b
07-31 18:54:09.988 22429 22429 D LifecycleMonitor: Lifecycle status change: androidx.test.core.app.InstrumentationActivityInvoker$EmptyActivity@e66481b in: RESUMED
07-31 18:54:09.988 22429 22429 V ActivityScenario: Activity lifecycle changed event received but ignored because the intent does not match. startActivityIntent=Intent { act=android.intent.action.MAIN cat=[android.intent.category.LAUNCHER] cmp=com.example.dogglers/.MainActivity }, activity.getIntent()=Intent { act=android.intent.action.MAIN cat=[android.intent.category.LAUNCHER] flg=0x10000000 cmp=com.example.dogglers/androidx.test.core.app.InstrumentationActivityInvoker$EmptyActivity }, activity=androidx.test.core.app.InstrumentationActivityInvoker$EmptyActivity@e66481b
07-31 18:54:10.023  6981 22278 E WakeLock: GCM_HB_ALARM release without a matched acquire!
07-31 18:54:10.071   337   337 D goldfish-address-space: claimShared: Ask to claim region [0x1ec968000 0x1ed2d0000]
07-31 18:54:10.072   337   337 D goldfish-address-space: claimShared: Ask to claim region [0x1eeba4000 0x1ef50c000]
07-31 18:54:10.073   337   337 D goldfish-address-space: claimShared: Ask to claim region [0x1f120c000 0x1f1b74000]
07-31 18:54:10.094   509   544 I ActivityTaskManager: Displayed com.example.dogglers/androidx.test.core.app.InstrumentationActivityInvoker$EmptyActivity: +116ms
07-31 18:54:10.105 22429 22429 D LifecycleMonitor: Lifecycle status change: androidx.test.core.app.InstrumentationActivityInvoker$EmptyActivity@e66481b in: PAUSED
07-31 18:54:10.105 22429 22429 V ActivityScenario: Activity lifecycle changed event received but ignored because the intent does not match. startActivityIntent=Intent { act=android.intent.action.MAIN cat=[android.intent.category.LAUNCHER] cmp=com.example.dogglers/.MainActivity }, activity.getIntent()=Intent { act=android.intent.action.MAIN cat=[android.intent.category.LAUNCHER] flg=0x10000000 cmp=com.example.dogglers/androidx.test.core.app.InstrumentationActivityInvoker$EmptyActivity }, activity=androidx.test.core.app.InstrumentationActivityInvoker$EmptyActivity@e66481b
07-31 18:54:10.121 22429 22429 D LifecycleMonitor: Lifecycle status change: androidx.test.core.app.InstrumentationActivityInvoker$BootstrapActivity@447eb71 in: DESTROYED
07-31 18:54:10.122 22429 22429 V ActivityScenario: Activity lifecycle changed event received but ignored because the intent does not match. startActivityIntent=Intent { act=android.intent.action.MAIN cat=[android.intent.category.LAUNCHER] cmp=com.example.dogglers/.MainActivity }, activity.getIntent()=Intent { act=android.intent.action.MAIN cat=[android.intent.category.LAUNCHER] flg=0x10008000 cmp=com.example.dogglers/androidx.test.core.app.InstrumentationActivityInvoker$BootstrapActivity (has extras) }, activity=androidx.test.core.app.InstrumentationActivityInvoker$BootstrapActivity@447eb71
07-31 18:54:10.124 22429 22429 D LifecycleMonitor: Lifecycle status change: androidx.test.core.app.InstrumentationActivityInvoker$EmptyActivity@6a48c82 in: PRE_ON_CREATE
07-31 18:54:10.125 22429 22429 V ActivityScenario: Activity lifecycle changed event received but ignored because the intent does not match. startActivityIntent=Intent { act=android.intent.action.MAIN cat=[android.intent.category.LAUNCHER] cmp=com.example.dogglers/.MainActivity }, activity.getIntent()=Intent { act=android.intent.action.MAIN cat=[android.intent.category.LAUNCHER] flg=0x10000000 cmp=com.example.dogglers/androidx.test.core.app.InstrumentationActivityInvoker$EmptyActivity }, activity=androidx.test.core.app.InstrumentationActivityInvoker$EmptyActivity@6a48c82
07-31 18:54:10.127 22429 22429 D LifecycleMonitor: Lifecycle status change: androidx.test.core.app.InstrumentationActivityInvoker$EmptyActivity@6a48c82 in: CREATED
07-31 18:54:10.127 22429 22429 V ActivityScenario: Activity lifecycle changed event received but ignored because the intent does not match. startActivityIntent=Intent { act=android.intent.action.MAIN cat=[android.intent.category.LAUNCHER] cmp=com.example.dogglers/.MainActivity }, activity.getIntent()=Intent { act=android.intent.action.MAIN cat=[android.intent.category.LAUNCHER] flg=0x10000000 cmp=com.example.dogglers/androidx.test.core.app.InstrumentationActivityInvoker$EmptyActivity }, activity=androidx.test.core.app.InstrumentationActivityInvoker$EmptyActivity@6a48c82
07-31 18:54:10.128 22429 22429 D LifecycleMonitor: Lifecycle status change: androidx.test.core.app.InstrumentationActivityInvoker$EmptyActivity@6a48c82 in: STARTED
07-31 18:54:10.128 22429 22429 V ActivityScenario: Activity lifecycle changed event received but ignored because the intent does not match. startActivityIntent=Intent { act=android.intent.action.MAIN cat=[android.intent.category.LAUNCHER] cmp=com.example.dogglers/.MainActivity }, activity.getIntent()=Intent { act=android.intent.action.MAIN cat=[android.intent.category.LAUNCHER] flg=0x10000000 cmp=com.example.dogglers/androidx.test.core.app.InstrumentationActivityInvoker$EmptyActivity }, activity=androidx.test.core.app.InstrumentationActivityInvoker$EmptyActivity@6a48c82
07-31 18:54:10.129 22429 22429 D LifecycleMonitor: Lifecycle status change: androidx.test.core.app.InstrumentationActivityInvoker$EmptyActivity@6a48c82 in: RESUMED
07-31 18:54:10.129 22429 22429 V ActivityScenario: Activity lifecycle changed event received but ignored because the intent does not match. startActivityIntent=Intent { act=android.intent.action.MAIN cat=[android.intent.category.LAUNCHER] cmp=com.example.dogglers/.MainActivity }, activity.getIntent()=Intent { act=android.intent.action.MAIN cat=[android.intent.category.LAUNCHER] flg=0x10000000 cmp=com.example.dogglers/androidx.test.core.app.InstrumentationActivityInvoker$EmptyActivity }, activity=androidx.test.core.app.InstrumentationActivityInvoker$EmptyActivity@6a48c82
07-31 18:54:10.156  3642  4331 W ProcessReaper: Memory state is: 125
07-31 18:54:10.203   337   337 D goldfish-address-space: claimShared: Ask to claim region [0x1ec000000 0x1ec968000]
07-31 18:54:10.204   337   337 D goldfish-address-space: claimShared: Ask to claim region [0x1ed2d0000 0x1edc38000]
07-31 18:54:10.205   337   337 D goldfish-address-space: claimShared: Ask to claim region [0x1edc38000 0x1ee5a0000]
07-31 18:54:10.241   509   544 I ActivityTaskManager: Displayed com.example.dogglers/androidx.test.core.app.InstrumentationActivityInvoker$EmptyActivity: +143ms
07-31 18:54:10.264 22429 22452 D OpenGLRenderer: endAllActiveAnimators on 0xb400006ea117bef0 (RippleDrawable) with handle 0xb400006db115df50
07-31 18:54:10.272 22429 22429 D LifecycleMonitor: Lifecycle status change: androidx.test.core.app.InstrumentationActivityInvoker$EmptyActivity@e66481b in: STOPPED
07-31 18:54:10.273 22429 22429 V ActivityScenario: Activity lifecycle changed event received but ignored because the intent does not match. startActivityIntent=Intent { act=android.intent.action.MAIN cat=[android.intent.category.LAUNCHER] cmp=com.example.dogglers/.MainActivity }, activity.getIntent()=Intent { act=android.intent.action.MAIN cat=[android.intent.category.LAUNCHER] flg=0x10000000 cmp=com.example.dogglers/androidx.test.core.app.InstrumentationActivityInvoker$EmptyActivity }, activity=androidx.test.core.app.InstrumentationActivityInvoker$EmptyActivity@e66481b
07-31 18:54:10.275 22429 22429 D LifecycleMonitor: Lifecycle status change: com.example.dogglers.GridListActivity@ff94867 in: STOPPED
07-31 18:54:10.275 22429 22429 V ActivityScenario: Activity lifecycle changed event received but ignored because the intent does not match. startActivityIntent=Intent { act=android.intent.action.MAIN cat=[android.intent.category.LAUNCHER] cmp=com.example.dogglers/.MainActivity }, activity.getIntent()=Intent { cmp=com.example.dogglers/.GridListActivity }, activity=com.example.dogglers.GridListActivity@ff94867
07-31 18:54:10.277 22429 22429 D LifecycleMonitor: Lifecycle status change: com.example.dogglers.MainActivity@5328473 in: STOPPED
07-31 18:54:10.277 22429 22429 V ActivityScenario: Update currentActivityStage to STOPPED, currentActivity=com.example.dogglers.MainActivity@5328473
07-31 18:54:10.279 22429 22429 D LifecycleMonitor: Lifecycle status change: com.example.dogglers.MainActivity@5328473 in: DESTROYED
07-31 18:54:10.279 22429 22429 V ActivityScenario: Update currentActivityStage to DESTROYED, currentActivity=null
07-31 18:54:10.282   509   542 W InputManager-JNI: Input channel object 'cf85ba1 com.example.dogglers/com.example.dogglers.MainActivity (client)' was disposed without first being removed with the input manager!
07-31 18:54:10.295   337   337 D goldfish-address-space: claimShared: Ask to claim region [0x1f0000000 0x1f0604000]
07-31 18:54:10.303  7329  7329 I GoogleInputMethodService: GoogleInputMethodService.onFinishInput():3420
07-31 18:54:10.304  7329  7329 I GoogleInputMethodService: GoogleInputMethodService.onStartInput():2002
07-31 18:54:10.304  7329  7329 I DeviceUnlockedTag: DeviceUnlockedTag.notifyDeviceLockStatusChanged():31 Notify device unlocked.
07-31 18:54:10.309 22429 22429 D LifecycleMonitor: Lifecycle status change: androidx.test.core.app.InstrumentationActivityInvoker$EmptyActivity@e66481b in: DESTROYED
07-31 18:54:10.309 22429 22429 V ActivityScenario: Activity lifecycle changed event received but ignored because the intent does not match. startActivityIntent=Intent { act=android.intent.action.MAIN cat=[android.intent.category.LAUNCHER] cmp=com.example.dogglers/.MainActivity }, activity.getIntent()=Intent { act=android.intent.action.MAIN cat=[android.intent.category.LAUNCHER] flg=0x10000000 cmp=com.example.dogglers/androidx.test.core.app.InstrumentationActivityInvoker$EmptyActivity }, activity=androidx.test.core.app.InstrumentationActivityInvoker$EmptyActivity@e66481b
07-31 18:54:10.310   509  2398 W InputManager-JNI: Input channel object 'c94c96b com.example.dogglers/androidx.test.core.app.InstrumentationActivityInvoker$EmptyActivity (client)' was disposed without first being removed with the input manager!
07-31 18:54:10.312 22429 22429 D LifecycleMonitor: Lifecycle status change: androidx.test.core.app.InstrumentationActivityInvoker$EmptyActivity@6a48c82 in: PAUSED
07-31 18:54:10.312 22429 22429 V ActivityScenario: Activity lifecycle changed event received but ignored because the intent does not match. startActivityIntent=Intent { act=android.intent.action.MAIN cat=[android.intent.category.LAUNCHER] cmp=com.example.dogglers/.MainActivity }, activity.getIntent()=Intent { act=android.intent.action.MAIN cat=[android.intent.category.LAUNCHER] flg=0x10000000 cmp=com.example.dogglers/androidx.test.core.app.InstrumentationActivityInvoker$EmptyActivity }, activity=androidx.test.core.app.InstrumentationActivityInvoker$EmptyActivity@6a48c82
07-31 18:54:10.314 22429 22429 D LifecycleMonitor: Lifecycle status change: com.example.dogglers.GridListActivity@ff94867 in: RESTARTED
07-31 18:54:10.315 22429 22429 V ActivityScenario: Activity lifecycle changed event received but ignored because the intent does not match. startActivityIntent=Intent { act=android.intent.action.MAIN cat=[android.intent.category.LAUNCHER] cmp=com.example.dogglers/.MainActivity }, activity.getIntent()=Intent { cmp=com.example.dogglers/.GridListActivity }, activity=com.example.dogglers.GridListActivity@ff94867
07-31 18:54:10.315 22429 22429 D LifecycleMonitor: Lifecycle status change: com.example.dogglers.GridListActivity@ff94867 in: STARTED
07-31 18:54:10.315 22429 22429 V ActivityScenario: Activity lifecycle changed event received but ignored because the intent does not match. startActivityIntent=Intent { act=android.intent.action.MAIN cat=[android.intent.category.LAUNCHER] cmp=com.example.dogglers/.MainActivity }, activity.getIntent()=Intent { cmp=com.example.dogglers/.GridListActivity }, activity=com.example.dogglers.GridListActivity@ff94867
07-31 18:54:10.316 22429 22429 D LifecycleMonitor: Lifecycle status change: com.example.dogglers.GridListActivity@ff94867 in: RESUMED
07-31 18:54:10.316 22429 22429 V ActivityScenario: Activity lifecycle changed event received but ignored because the intent does not match. startActivityIntent=Intent { act=android.intent.action.MAIN cat=[android.intent.category.LAUNCHER] cmp=com.example.dogglers/.MainActivity }, activity.getIntent()=Intent { cmp=com.example.dogglers/.GridListActivity }, activity=com.example.dogglers.GridListActivity@ff94867
07-31 18:54:10.323   337   337 D goldfish-address-space: claimShared: Ask to claim region [0x1ec968000 0x1ed2d0000]
07-31 18:54:10.325   337   337 D goldfish-address-space: claimShared: Ask to claim region [0x1eeba4000 0x1ef50c000]
07-31 18:54:10.326   337   337 D goldfish-address-space: claimShared: Ask to claim region [0x1f120c000 0x1f1b74000]
07-31 18:54:10.333 22429 22450 I TestRunner: finished: clicking_grid_list_button_displays_grid_list(com.example.dogglers.ButtonTests)
