07-31 18:54:11.946 22429 22450 I TestRunner: started: horizontal_list_button_is_displayed(com.example.dogglers.ButtonTests)
07-31 18:54:11.948 22429 22450 W Settings: Setting always_finish_activities has moved from android.provider.Settings.System to android.provider.Settings.Global, returning read-only value.
07-31 18:54:11.963 22429 22429 D LifecycleMonitor: Lifecycle status change: androidx.test.core.app.InstrumentationActivityInvoker$BootstrapActivity@f4bef36 in: PRE_ON_CREATE
07-31 18:54:11.963 22429 22429 V ActivityScenario: Activity lifecycle changed event received but ignored because the intent does not match. startActivityIntent=Intent { act=android.intent.action.MAIN cat=[android.intent.category.LAUNCHER] cmp=com.example.dogglers/.MainActivity }, activity.getIntent()=Intent { act=android.intent.action.MAIN cat=[android.intent.category.LAUNCHER] flg=0x10008000 cmp=com.example.dogglers/androidx.test.core.app.InstrumentationActivityInvoker$BootstrapActivity (has extras) }, activity=androidx.test.core.app.InstrumentationActivityInvoker$BootstrapActivity@f4bef36
07-31 18:54:11.965 22429 22429 D LifecycleMonitor: Lifecycle status change: androidx.test.core.app.InstrumentationActivityInvoker$BootstrapActivity@f4bef36 in: CREATED
07-31 18:54:11.965 22429 22429 V ActivityScenario: Activity lifecycle changed event received but ignored because the intent does not match. startActivityIntent=Intent { act=android.intent.action.MAIN cat=[android.intent.category.LAUNCHER] cmp=com.example.dogglers/.MainActivity }, activity.getIntent()=Intent { act=android.intent.action.MAIN cat=[android.intent.category.LAUNCHER] flg=0x10008000 cmp=com.example.dogglers/androidx.test.core.app.InstrumentationActivityInvoker$BootstrapActivity (has extras) }, activity=androidx.test.core.app.InstrumentationActivityInvoker$BootstrapActivity@f4bef36
07-31 18:54:11.966 22429 22429 D LifecycleMonitor: Lifecycle status change: androidx.test.core.app.InstrumentationActivityInvoker$BootstrapActivity@f4bef36 in: STARTED
07-31 18:54:11.966 22429 22429 V ActivityScenario: Activity lifecycle changed event received but ignored because the intent does not match. startActivityIntent=Intent { act=android.intent.action.MAIN cat=[android.intent.category.LAUNCHER] cmp=com.example.dogglers/.MainActivity }, activity.getIntent()=Intent { act=android.intent.action.MAIN cat=[android.intent.category.LAUNCHER] flg=0x10008000 cmp=com.example.dogglers/androidx.test.core.app.InstrumentationActivityInvoker$BootstrapActivity (has extras) }, activity=androidx.test.core.app.InstrumentationActivityInvoker$BootstrapActivity@f4bef36
07-31 18:54:11.969 22429 22429 D LifecycleMonitor: Lifecycle status change: androidx.test.core.app.InstrumentationActivityInvoker$BootstrapActivity@f4bef36 in: RESUMED
07-31 18:54:11.969 22429 22429 V ActivityScenario: Activity lifecycle changed event received but ignored because the intent does not match. startActivityIntent=Intent { act=android.intent.action.MAIN cat=[android.intent.category.LAUNCHER] cmp=com.example.dogglers/.MainActivity }, activity.getIntent()=Intent { act=android.intent.action.MAIN cat=[android.intent.category.LAUNCHER] flg=0x10008000 cmp=com.example.dogglers/androidx.test.core.app.InstrumentationActivityInvoker$BootstrapActivity (has extras) }, activity=androidx.test.core.app.InstrumentationActivityInvoker$BootstrapActivity@f4bef36
07-31 18:54:11.970 22429 22429 D LifecycleMonitor: Lifecycle status change: androidx.test.core.app.InstrumentationActivityInvoker$BootstrapActivity@f4bef36 in: PAUSED
07-31 18:54:11.970 22429 22429 V ActivityScenario: Activity lifecycle changed event received but ignored because the intent does not match. startActivityIntent=Intent { act=android.intent.action.MAIN cat=[android.intent.category.LAUNCHER] cmp=com.example.dogglers/.MainActivity }, activity.getIntent()=Intent { act=android.intent.action.MAIN cat=[android.intent.category.LAUNCHER] flg=0x10008000 cmp=com.example.dogglers/androidx.test.core.app.InstrumentationActivityInvoker$BootstrapActivity (has extras) }, activity=androidx.test.core.app.InstrumentationActivityInvoker$BootstrapActivity@f4bef36
07-31 18:54:11.970   337   383 D goldfish-address-space: claimShared: Ask to claim region [0x1ee23c000 0x1eeba4000]
07-31 18:54:11.973   337   383 D goldfish-address-space: claimShared: Ask to claim region [0x1eeba4000 0x1ef50c000]
07-31 18:54:11.973 22429 22429 D LifecycleMonitor: Lifecycle status change: com.example.dogglers.MainActivity@5ae2210 in: PRE_ON_CREATE
07-31 18:54:11.973 22429 22429 V ActivityScenario: Activity lifecycle changed event received but ignored because the reported transition was not ON_CREATE while the last known transition was PRE_ON_CREATE
07-31 18:54:11.976   337   383 D goldfish-address-space: claimShared: Ask to claim region [0x1ef50c000 0x1efe74000]
07-31 18:54:11.988 22429 22429 D LifecycleMonitor: Lifecycle status change: com.example.dogglers.MainActivity@5ae2210 in: CREATED
07-31 18:54:11.988 22429 22429 V ActivityScenario: Update currentActivityStage to CREATED, currentActivity=com.example.dogglers.MainActivity@5ae2210
07-31 18:54:11.988   760   831 D EGL_emulation: app_time_stats: avg=65.40ms min=8.32ms max=347.66ms count=15
07-31 18:54:11.989 22429 22429 D LifecycleMonitor: Lifecycle status change: com.example.dogglers.MainActivity@5ae2210 in: STARTED
07-31 18:54:11.989 22429 22429 V ActivityScenario: Update currentActivityStage to STARTED, currentActivity=com.example.dogglers.MainActivity@5ae2210
07-31 18:54:11.989 22429 22429 D LifecycleMonitor: Lifecycle status change: com.example.dogglers.MainActivity@5ae2210 in: RESUMED
07-31 18:54:11.989 22429 22429 V ActivityScenario: Update currentActivityStage to RESUMED, currentActivity=com.example.dogglers.MainActivity@5ae2210
07-31 18:54:11.992 22429 22429 D LifecycleMonitor: Lifecycle status change: androidx.test.core.app.InstrumentationActivityInvoker$BootstrapActivity@f4bef36 in: STOPPED
07-31 18:54:11.992 22429 22429 V ActivityScenario: Activity lifecycle changed event received but ignored because the intent does not match. startActivityIntent=Intent { act=android.intent.action.MAIN cat=[android.intent.category.LAUNCHER] cmp=com.example.dogglers/.MainActivity }, activity.getIntent()=Intent { act=android.intent.action.MAIN cat=[android.intent.category.LAUNCHER] flg=0x10008000 cmp=com.example.dogglers/androidx.test.core.app.InstrumentationActivityInvoker$BootstrapActivity (has extras) }, activity=androidx.test.core.app.InstrumentationActivityInvoker$BootstrapActivity@f4bef36
07-31 18:54:12.008   337   383 D goldfish-address-space: claimShared: Ask to claim region [0x1ec000000 0x1ec968000]
07-31 18:54:12.009   337   383 D goldfish-address-space: claimShared: Ask to claim region [0x1ec968000 0x1ed2d0000]
07-31 18:54:12.009   337   383 D goldfish-address-space: claimShared: Ask to claim region [0x1f0604000 0x1f0f6c000]
07-31 18:54:12.018   509   544 I ActivityTaskManager: Displayed com.example.dogglers/.MainActivity: +66ms
07-31 18:54:12.022 22429 22429 D RootViewPicker: Root not ready - waiting: 10ms for one to appear.
07-31 18:54:12.038  7329  7329 I GoogleInputMethodService: GoogleInputMethodService.onFinishInput():3420
07-31 18:54:12.038  7329  7329 I GoogleInputMethodService: GoogleInputMethodService.onStartInput():2002
07-31 18:54:12.039  7329  7329 I DeviceUnlockedTag: DeviceUnlockedTag.notifyDeviceLockStatusChanged():31 Notify device unlocked.
07-31 18:54:12.058  2756  2756 I GsaVoiceInteractionSrv: Handling ACTION_STOP_HOTWORD
07-31 18:54:12.058  2756  2756 E HwDetectorWithState: a: 3
07-31 18:54:12.068 22429 22429 I ViewInteraction: Checking 'MatchesViewAssertion{viewMatcher=(view has effective visibility <VISIBLE> and view.getGlobalVisibleRect() to return non-empty rectangle)}' assertion on view view.getId() is <2131230947/com.example.dogglers:id/horizontal_btn>
07-31 18:54:12.074 22429 22429 D LifecycleMonitor: Lifecycle status change: com.example.dogglers.MainActivity@5ae2210 in: PAUSED
07-31 18:54:12.074 22429 22429 V ActivityScenario: Update currentActivityStage to PAUSED, currentActivity=com.example.dogglers.MainActivity@5ae2210
07-31 18:54:12.077 22429 22429 D LifecycleMonitor: Lifecycle status change: androidx.test.core.app.InstrumentationActivityInvoker$EmptyActivity@38085a9 in: PRE_ON_CREATE
07-31 18:54:12.077 22429 22429 V ActivityScenario: Activity lifecycle changed event received but ignored because the intent does not match. startActivityIntent=Intent { act=android.intent.action.MAIN cat=[android.intent.category.LAUNCHER] cmp=com.example.dogglers/.MainActivity }, activity.getIntent()=Intent { act=android.intent.action.MAIN cat=[android.intent.category.LAUNCHER] flg=0x10000000 cmp=com.example.dogglers/androidx.test.core.app.InstrumentationActivityInvoker$EmptyActivity }, activity=androidx.test.core.app.InstrumentationActivityInvoker$EmptyActivity@38085a9
07-31 18:54:12.079 22429 22429 D LifecycleMonitor: Lifecycle status change: androidx.test.core.app.InstrumentationActivityInvoker$EmptyActivity@38085a9 in: CREATED
07-31 18:54:12.079 22429 22429 V ActivityScenario: Activity lifecycle changed event received but ignored because the intent does not match. startActivityIntent=Intent { act=android.intent.action.MAIN cat=[android.intent.category.LAUNCHER] cmp=com.example.dogglers/.MainActivity }, activity.getIntent()=Intent { act=android.intent.action.MAIN cat=[android.intent.category.LAUNCHER] flg=0x10000000 cmp=com.example.dogglers/androidx.test.core.app.InstrumentationActivityInvoker$EmptyActivity }, activity=androidx.test.core.app.InstrumentationActivityInvoker$EmptyActivity@38085a9
07-31 18:54:12.079 22429 22429 D LifecycleMonitor: Lifecycle status change: androidx.test.core.app.InstrumentationActivityInvoker$EmptyActivity@38085a9 in: STARTED
07-31 18:54:12.079 22429 22429 V ActivityScenario: Activity lifecycle changed event received but ignored because the intent does not match. startActivityIntent=Intent { act=android.intent.action.MAIN cat=[android.intent.category.LAUNCHER] cmp=com.example.dogglers/.MainActivity }, activity.getIntent()=Intent { act=android.intent.action.MAIN cat=[android.intent.category.LAUNCHER] flg=0x10000000 cmp=com.example.dogglers/androidx.test.core.app.InstrumentationActivityInvoker$EmptyActivity }, activity=androidx.test.core.app.InstrumentationActivityInvoker$EmptyActivity@38085a9
07-31 18:54:12.079 22429 22429 D LifecycleMonitor: Lifecycle status change: androidx.test.core.app.InstrumentationActivityInvoker$EmptyActivity@38085a9 in: RESUMED
07-31 18:54:12.080 22429 22429 V ActivityScenario: Activity lifecycle changed event received but ignored because the intent does not match. startActivityIntent=Intent { act=android.intent.action.MAIN cat=[android.intent.category.LAUNCHER] cmp=com.example.dogglers/.MainActivity }, activity.getIntent()=Intent { act=android.intent.action.MAIN cat=[android.intent.category.LAUNCHER] flg=0x10000000 cmp=com.example.dogglers/androidx.test.core.app.InstrumentationActivityInvoker$EmptyActivity }, activity=androidx.test.core.app.InstrumentationActivityInvoker$EmptyActivity@38085a9
07-31 18:54:12.095   337   383 D goldfish-address-space: claimShared: Ask to claim region [0x1f0f6c000 0x1f18d4000]
07-31 18:54:12.096   337   383 D goldfish-address-space: claimShared: Ask to claim region [0x1f18d4000 0x1f223c000]
07-31 18:54:12.098   337   383 D goldfish-address-space: claimShared: Ask to claim region [0x1f4968000 0x1f52d0000]
07-31 18:54:12.111   509   544 I ActivityTaskManager: Displayed com.example.dogglers/androidx.test.core.app.InstrumentationActivityInvoker$EmptyActivity: +39ms
07-31 18:54:12.121 22429 22429 D LifecycleMonitor: Lifecycle status change: androidx.test.core.app.InstrumentationActivityInvoker$EmptyActivity@38085a9 in: PAUSED
07-31 18:54:12.122 22429 22429 V ActivityScenario: Activity lifecycle changed event received but ignored because the intent does not match. startActivityIntent=Intent { act=android.intent.action.MAIN cat=[android.intent.category.LAUNCHER] cmp=com.example.dogglers/.MainActivity }, activity.getIntent()=Intent { act=android.intent.action.MAIN cat=[android.intent.category.LAUNCHER] flg=0x10000000 cmp=com.example.dogglers/androidx.test.core.app.InstrumentationActivityInvoker$EmptyActivity }, activity=androidx.test.core.app.InstrumentationActivityInvoker$EmptyActivity@38085a9
07-31 18:54:12.137 22429 22429 D LifecycleMonitor: Lifecycle status change: androidx.test.core.app.InstrumentationActivityInvoker$BootstrapActivity@f4bef36 in: DESTROYED
07-31 18:54:12.137 22429 22429 V ActivityScenario: Activity lifecycle changed event received but ignored because the intent does not match. startActivityIntent=Intent { act=android.intent.action.MAIN cat=[android.intent.category.LAUNCHER] cmp=com.example.dogglers/.MainActivity }, activity.getIntent()=Intent { act=android.intent.action.MAIN cat=[android.intent.category.LAUNCHER] flg=0x10008000 cmp=com.example.dogglers/androidx.test.core.app.InstrumentationActivityInvoker$BootstrapActivity (has extras) }, activity=androidx.test.core.app.InstrumentationActivityInvoker$BootstrapActivity@f4bef36
07-31 18:54:12.141 22429 22429 D LifecycleMonitor: Lifecycle status change: androidx.test.core.app.InstrumentationActivityInvoker$EmptyActivity@2c05e06 in: PRE_ON_CREATE
07-31 18:54:12.141 22429 22429 V ActivityScenario: Activity lifecycle changed event received but ignored because the intent does not match. startActivityIntent=Intent { act=android.intent.action.MAIN cat=[android.intent.category.LAUNCHER] cmp=com.example.dogglers/.MainActivity }, activity.getIntent()=Intent { act=android.intent.action.MAIN cat=[android.intent.category.LAUNCHER] flg=0x10000000 cmp=com.example.dogglers/androidx.test.core.app.InstrumentationActivityInvoker$EmptyActivity }, activity=androidx.test.core.app.InstrumentationActivityInvoker$EmptyActivity@2c05e06
07-31 18:54:12.143 22429 22429 D LifecycleMonitor: Lifecycle status change: androidx.test.core.app.InstrumentationActivityInvoker$EmptyActivity@2c05e06 in: CREATED
07-31 18:54:12.143 22429 22429 V ActivityScenario: Activity lifecycle changed event received but ignored because the intent does not match. startActivityIntent=Intent { act=android.intent.action.MAIN cat=[android.intent.category.LAUNCHER] cmp=com.example.dogglers/.MainActivity }, activity.getIntent()=Intent { act=android.intent.action.MAIN cat=[android.intent.category.LAUNCHER] flg=0x10000000 cmp=com.example.dogglers/androidx.test.core.app.InstrumentationActivityInvoker$EmptyActivity }, activity=androidx.test.core.app.InstrumentationActivityInvoker$EmptyActivity@2c05e06
07-31 18:54:12.144 22429 22429 D LifecycleMonitor: Lifecycle status change: androidx.test.core.app.InstrumentationActivityInvoker$EmptyActivity@2c05e06 in: STARTED
07-31 18:54:12.144 22429 22429 V ActivityScenario: Activity lifecycle changed event received but ignored because the intent does not match. startActivityIntent=Intent { act=android.intent.action.MAIN cat=[android.intent.category.LAUNCHER] cmp=com.example.dogglers/.MainActivity }, activity.getIntent()=Intent { act=android.intent.action.MAIN cat=[android.intent.category.LAUNCHER] flg=0x10000000 cmp=com.example.dogglers/androidx.test.core.app.InstrumentationActivityInvoker$EmptyActivity }, activity=androidx.test.core.app.InstrumentationActivityInvoker$EmptyActivity@2c05e06
07-31 18:54:12.144 22429 22429 D LifecycleMonitor: Lifecycle status change: androidx.test.core.app.InstrumentationActivityInvoker$EmptyActivity@2c05e06 in: RESUMED
07-31 18:54:12.144 22429 22429 V ActivityScenario: Activity lifecycle changed event received but ignored because the intent does not match. startActivityIntent=Intent { act=android.intent.action.MAIN cat=[android.intent.category.LAUNCHER] cmp=com.example.dogglers/.MainActivity }, activity.getIntent()=Intent { act=android.intent.action.MAIN cat=[android.intent.category.LAUNCHER] flg=0x10000000 cmp=com.example.dogglers/androidx.test.core.app.InstrumentationActivityInvoker$EmptyActivity }, activity=androidx.test.core.app.InstrumentationActivityInvoker$EmptyActivity@2c05e06
07-31 18:54:12.177   337   383 D goldfish-address-space: claimShared: Ask to claim region [0x1f65a0000 0x1f6f08000]
07-31 18:54:12.178   337   383 D goldfish-address-space: claimShared: Ask to claim region [0x1f8000000 0x1f8968000]
07-31 18:54:12.178   337   383 D goldfish-address-space: claimShared: Ask to claim region [0x1f8968000 0x1f92d0000]
07-31 18:54:12.184   509   544 I ActivityTaskManager: Displayed com.example.dogglers/androidx.test.core.app.InstrumentationActivityInvoker$EmptyActivity: +70ms
07-31 18:54:12.206   337   383 D goldfish-address-space: claimShared: Ask to claim region [0x1f31a8000 0x1f37ac000]
07-31 18:54:12.221 22429 22429 D LifecycleMonitor: Lifecycle status change: androidx.test.core.app.InstrumentationActivityInvoker$EmptyActivity@2c05e06 in: PAUSED
07-31 18:54:12.221 22429 22429 V ActivityScenario: Activity lifecycle changed event received but ignored because the intent does not match. startActivityIntent=Intent { act=android.intent.action.MAIN cat=[android.intent.category.LAUNCHER] cmp=com.example.dogglers/.MainActivity }, activity.getIntent()=Intent { act=android.intent.action.MAIN cat=[android.intent.category.LAUNCHER] flg=0x10000000 cmp=com.example.dogglers/androidx.test.core.app.InstrumentationActivityInvoker$EmptyActivity }, activity=androidx.test.core.app.InstrumentationActivityInvoker$EmptyActivity@2c05e06
07-31 18:54:12.226  2756  2756 I GsaVoiceInteractionSrv: Handling ACTION_START_HOTWORD
07-31 18:54:12.226  2756  2756 I GsaVoiceInteractionSrv: disregardVoiceMatch: false
07-31 18:54:12.226  2756  2756 I GsaVoiceInteractionSrv: Cannot start hotword, hotword has been explicitly disabled.
07-31 18:54:12.327   509  2398 W InputManager-JNI: Input channel object 'bc84a13 Splash Screen com.example.dogglers (client)' was disposed without first being removed with the input manager!
07-31 18:54:12.338  7329  7329 I GoogleInputMethodService: GoogleInputMethodService.onFinishInput():3420
07-31 18:54:12.339  7329  7329 I GoogleInputMethodService: GoogleInputMethodService.onStartInput():2002
07-31 18:54:12.340  7329  7329 I DeviceUnlockedTag: DeviceUnlockedTag.notifyDeviceLockStatusChanged():31 Notify device unlocked.
07-31 18:54:12.381   346   346 E android.hardware.power.stats@1.0-service-mock: Failed to getEnergyData
07-31 18:54:12.476  1019  1636 D EGL_emulation: app_time_stats: avg=10.06ms min=2.58ms max=119.14ms count=43
07-31 18:54:12.724 22429 22429 D LifecycleMonitor: Lifecycle status change: androidx.test.core.app.InstrumentationActivityInvoker$EmptyActivity@2c05e06 in: STOPPED
07-31 18:54:12.724 22429 22429 V ActivityScenario: Activity lifecycle changed event received but ignored because the intent does not match. startActivityIntent=Intent { act=android.intent.action.MAIN cat=[android.intent.category.LAUNCHER] cmp=com.example.dogglers/.MainActivity }, activity.getIntent()=Intent { act=android.intent.action.MAIN cat=[android.intent.category.LAUNCHER] flg=0x10000000 cmp=com.example.dogglers/androidx.test.core.app.InstrumentationActivityInvoker$EmptyActivity }, activity=androidx.test.core.app.InstrumentationActivityInvoker$EmptyActivity@2c05e06
07-31 18:54:12.725 22429 22429 D LifecycleMonitor: Lifecycle status change: androidx.test.core.app.InstrumentationActivityInvoker$EmptyActivity@2c05e06 in: DESTROYED
07-31 18:54:12.725 22429 22429 V ActivityScenario: Activity lifecycle changed event received but ignored because the intent does not match. startActivityIntent=Intent { act=android.intent.action.MAIN cat=[android.intent.category.LAUNCHER] cmp=com.example.dogglers/.MainActivity }, activity.getIntent()=Intent { act=android.intent.action.MAIN cat=[android.intent.category.LAUNCHER] flg=0x10000000 cmp=com.example.dogglers/androidx.test.core.app.InstrumentationActivityInvoker$EmptyActivity }, activity=androidx.test.core.app.InstrumentationActivityInvoker$EmptyActivity@2c05e06
07-31 18:54:12.726   509  1635 W InputManager-JNI: Input channel object 'ea0e228 com.example.dogglers/androidx.test.core.app.InstrumentationActivityInvoker$EmptyActivity (client)' was disposed without first being removed with the input manager!
07-31 18:54:12.727 22429 22429 D LifecycleMonitor: Lifecycle status change: androidx.test.core.app.InstrumentationActivityInvoker$EmptyActivity@38085a9 in: STOPPED
07-31 18:54:12.727 22429 22429 V ActivityScenario: Activity lifecycle changed event received but ignored because the intent does not match. startActivityIntent=Intent { act=android.intent.action.MAIN cat=[android.intent.category.LAUNCHER] cmp=com.example.dogglers/.MainActivity }, activity.getIntent()=Intent { act=android.intent.action.MAIN cat=[android.intent.category.LAUNCHER] flg=0x10000000 cmp=com.example.dogglers/androidx.test.core.app.InstrumentationActivityInvoker$EmptyActivity }, activity=androidx.test.core.app.InstrumentationActivityInvoker$EmptyActivity@38085a9
07-31 18:54:12.728 22429 22429 D LifecycleMonitor: Lifecycle status change: androidx.test.core.app.InstrumentationActivityInvoker$EmptyActivity@38085a9 in: DESTROYED
07-31 18:54:12.728 22429 22429 V ActivityScenario: Activity lifecycle changed event received but ignored because the intent does not match. startActivityIntent=Intent { act=android.intent.action.MAIN cat=[android.intent.category.LAUNCHER] cmp=com.example.dogglers/.MainActivity }, activity.getIntent()=Intent { act=android.intent.action.MAIN cat=[android.intent.category.LAUNCHER] flg=0x10000000 cmp=com.example.dogglers/androidx.test.core.app.InstrumentationActivityInvoker$EmptyActivity }, activity=androidx.test.core.app.InstrumentationActivityInvoker$EmptyActivity@38085a9
07-31 18:54:12.729   509  1635 W InputManager-JNI: Input channel object 'ad9625b com.example.dogglers/androidx.test.core.app.InstrumentationActivityInvoker$EmptyActivity (client)' was disposed without first being removed with the input manager!
07-31 18:54:12.730 22429 22429 D LifecycleMonitor: Lifecycle status change: com.example.dogglers.MainActivity@5ae2210 in: STOPPED
07-31 18:54:12.730 22429 22429 V ActivityScenario: Update currentActivityStage to STOPPED, currentActivity=com.example.dogglers.MainActivity@5ae2210
07-31 18:54:12.731 22429 22429 D LifecycleMonitor: Lifecycle status change: com.example.dogglers.MainActivity@5ae2210 in: DESTROYED
07-31 18:54:12.731 22429 22429 V ActivityScenario: Update currentActivityStage to DESTROYED, currentActivity=null
07-31 18:54:12.731 22429 22450 I TestRunner: finished: horizontal_list_button_is_displayed(com.example.dogglers.ButtonTests)
