07-31 18:54:10.920 22429 22450 I TestRunner: started: clicking_vertical_list_button_displays_vertical_list(com.example.dogglers.ButtonTests)
07-31 18:54:10.922 22429 22450 W Settings: Setting always_finish_activities has moved from android.provider.Settings.System to android.provider.Settings.Global, returning read-only value.
07-31 18:54:10.932 22429 22429 D LifecycleMonitor: Lifecycle status change: androidx.test.core.app.InstrumentationActivityInvoker$BootstrapActivity@91e2856 in: PRE_ON_CREATE
07-31 18:54:10.932 22429 22429 V ActivityScenario: Activity lifecycle changed event received but ignored because the intent does not match. startActivityIntent=Intent { act=android.intent.action.MAIN cat=[android.intent.category.LAUNCHER] cmp=com.example.dogglers/.MainActivity }, activity.getIntent()=Intent { act=android.intent.action.MAIN cat=[android.intent.category.LAUNCHER] flg=0x10008000 cmp=com.example.dogglers/androidx.test.core.app.InstrumentationActivityInvoker$BootstrapActivity (has extras) }, activity=androidx.test.core.app.InstrumentationActivityInvoker$BootstrapActivity@91e2856
07-31 18:54:10.935   337   337 D goldfish-address-space: claimShared: Ask to claim region [0x1ec968000 0x1ed2d0000]
07-31 18:54:10.936   337   337 D goldfish-address-space: claimShared: Ask to claim region [0x1eeba4000 0x1ef50c000]
07-31 18:54:10.939 22429 22429 D LifecycleMonitor: Lifecycle status change: androidx.test.core.app.InstrumentationActivityInvoker$BootstrapActivity@91e2856 in: CREATED
07-31 18:54:10.939 22429 22429 V ActivityScenario: Activity lifecycle changed event received but ignored because the intent does not match. startActivityIntent=Intent { act=android.intent.action.MAIN cat=[android.intent.category.LAUNCHER] cmp=com.example.dogglers/.MainActivity }, activity.getIntent()=Intent { act=android.intent.action.MAIN cat=[android.intent.category.LAUNCHER] flg=0x10008000 cmp=com.example.dogglers/androidx.test.core.app.InstrumentationActivityInvoker$BootstrapActivity (has extras) }, activity=androidx.test.core.app.InstrumentationActivityInvoker$BootstrapActivity@91e2856
07-31 18:54:10.939 22429 22429 D LifecycleMonitor: Lifecycle status change: androidx.test.core.app.InstrumentationActivityInvoker$BootstrapActivity@91e2856 in: STARTED
07-31 18:54:10.940 22429 22429 V ActivityScenario: Activity lifecycle changed event received but ignored because the intent does not match. startActivityIntent=Intent { act=android.intent.action.MAIN cat=[android.intent.category.LAUNCHER] cmp=com.example.dogglers/.MainActivity }, activity.getIntent()=Intent { act=android.intent.action.MAIN cat=[android.intent.category.LAUNCHER] flg=0x10008000 cmp=com.example.dogglers/androidx.test.core.app.InstrumentationActivityInvoker$BootstrapActivity (has extras) }, activity=androidx.test.core.app.InstrumentationActivityInvoker$BootstrapActivity@91e2856
07-31 18:54:10.941   337   337 D goldfish-address-space: claimShared: Ask to claim region [0x1f120c000 0x1f1b74000]
07-31 18:54:10.943 22429 22429 D LifecycleMonitor: Lifecycle status change: androidx.test.core.app.InstrumentationActivityInvoker$BootstrapActivity@91e2856 in: RESUMED
07-31 18:54:10.943 22429 22429 V ActivityScenario: Activity lifecycle changed event received but ignored because the intent does not match. startActivityIntent=Intent { act=android.intent.action.MAIN cat=[android.intent.category.LAUNCHER] cmp=com.example.dogglers/.MainActivity }, activity.getIntent()=Intent { act=android.intent.action.MAIN cat=[android.intent.category.LAUNCHER] flg=0x10008000 cmp=com.example.dogglers/androidx.test.core.app.InstrumentationActivityInvoker$BootstrapActivity (has extras) }, activity=androidx.test.core.app.InstrumentationActivityInvoker$BootstrapActivity@91e2856
07-31 18:54:10.945 22429 22429 D LifecycleMonitor: Lifecycle status change: androidx.test.core.app.InstrumentationActivityInvoker$BootstrapActivity@91e2856 in: PAUSED
07-31 18:54:10.945 22429 22429 V ActivityScenario: Activity lifecycle changed event received but ignored because the intent does not match. startActivityIntent=Intent { act=android.intent.action.MAIN cat=[android.intent.category.LAUNCHER] cmp=com.example.dogglers/.MainActivity }, activity.getIntent()=Intent { act=android.intent.action.MAIN cat=[android.intent.category.LAUNCHER] flg=0x10008000 cmp=com.example.dogglers/androidx.test.core.app.InstrumentationActivityInvoker$BootstrapActivity (has extras) }, activity=androidx.test.core.app.InstrumentationActivityInvoker$BootstrapActivity@91e2856
07-31 18:54:10.951 22429 22429 D LifecycleMonitor: Lifecycle status change: com.example.dogglers.MainActivity@c119230 in: PRE_ON_CREATE
07-31 18:54:10.951 22429 22429 V ActivityScenario: Activity lifecycle changed event received but ignored because the reported transition was not ON_CREATE while the last known transition was PRE_ON_CREATE
07-31 18:54:10.952 13494 13494 I A       : onApplyWindowInsets: systemWindowInsets=Insets{left=0, top=66, right=0, bottom=132}
07-31 18:54:10.952 13494 13494 I A       : onApplyWindowInsets: systemWindowInsets=Insets{left=0, top=66, right=0, bottom=132}
07-31 18:54:10.957   760   831 D EGL_emulation: app_time_stats: avg=13.85ms min=1.08ms max=334.69ms count=36
07-31 18:54:10.962 22429 22429 D LifecycleMonitor: Lifecycle status change: com.example.dogglers.MainActivity@c119230 in: CREATED
07-31 18:54:10.962 22429 22429 V ActivityScenario: Update currentActivityStage to CREATED, currentActivity=com.example.dogglers.MainActivity@c119230
07-31 18:54:10.963 22429 22429 D LifecycleMonitor: Lifecycle status change: com.example.dogglers.MainActivity@c119230 in: STARTED
07-31 18:54:10.963 22429 22429 V ActivityScenario: Update currentActivityStage to STARTED, currentActivity=com.example.dogglers.MainActivity@c119230
07-31 18:54:10.963 22429 22429 D LifecycleMonitor: Lifecycle status change: com.example.dogglers.MainActivity@c119230 in: RESUMED
07-31 18:54:10.964 22429 22429 V ActivityScenario: Update currentActivityStage to RESUMED, currentActivity=com.example.dogglers.MainActivity@c119230
07-31 18:54:10.968  2756  2756 I GsaVoiceInteractionSrv: Handling ACTION_STOP_HOTWORD
07-31 18:54:10.968  2756  2756 E HwDetectorWithState: a: 3
07-31 18:54:10.973   337   337 D goldfish-address-space: claimShared: Ask to claim region [0x1ed2d0000 0x1edc38000]
07-31 18:54:10.973   337   337 D goldfish-address-space: claimShared: Ask to claim region [0x1edc38000 0x1ee5a0000]
07-31 18:54:10.974   337   337 D goldfish-address-space: claimShared: Ask to claim region [0x1f4000000 0x1f4968000]
07-31 18:54:10.986 22429 22429 D RootViewPicker: Root not ready - waiting: 10ms for one to appear.
07-31 18:54:10.989  7329  7329 I GoogleInputMethodService: GoogleInputMethodService.onFinishInput():3420
07-31 18:54:10.989  7329  7329 I GoogleInputMethodService: GoogleInputMethodService.onStartInput():2002
07-31 18:54:10.989  7329  7329 I DeviceUnlockedTag: DeviceUnlockedTag.notifyDeviceLockStatusChanged():31 Notify device unlocked.
07-31 18:54:11.019 22429 22429 I ViewInteraction: Performing 'single click' action on view view.getId() is <2131231204/com.example.dogglers:id/vertical_btn>
07-31 18:54:11.306   509  1635 W InputManager-JNI: Input channel object '9bf8df6 Splash Screen com.example.dogglers (client)' was disposed without first being removed with the input manager!
07-31 18:54:11.346 22429 22429 I ViewInteraction: Checking 'MatchesViewAssertion{viewMatcher=(view has effective visibility <VISIBLE> and view.getGlobalVisibleRect() to return non-empty rectangle)}' assertion on view view.getId() is <2131231206/com.example.dogglers:id/vertical_recycler_view>
07-31 18:54:11.346 22429 22429 E ViewAssertions: '(view has effective visibility <VISIBLE> and view.getGlobalVisibleRect() to return non-empty rectangle)' check could not be performed because view 'view.getId() is <2131231206/com.example.dogglers:id/vertical_recycler_view>' was not found.
07-31 18:54:11.347 22429 22429 D LifecycleMonitor: Lifecycle status change: androidx.test.core.app.InstrumentationActivityInvoker$BootstrapActivity@91e2856 in: STOPPED
07-31 18:54:11.347 22429 22429 V ActivityScenario: Activity lifecycle changed event received but ignored because the intent does not match. startActivityIntent=Intent { act=android.intent.action.MAIN cat=[android.intent.category.LAUNCHER] cmp=com.example.dogglers/.MainActivity }, activity.getIntent()=Intent { act=android.intent.action.MAIN cat=[android.intent.category.LAUNCHER] flg=0x10008000 cmp=com.example.dogglers/androidx.test.core.app.InstrumentationActivityInvoker$BootstrapActivity (has extras) }, activity=androidx.test.core.app.InstrumentationActivityInvoker$BootstrapActivity@91e2856
07-31 18:54:11.351 22429 22429 D LifecycleMonitor: Lifecycle status change: com.example.dogglers.MainActivity@c119230 in: PAUSED
07-31 18:54:11.351 22429 22429 V ActivityScenario: Update currentActivityStage to PAUSED, currentActivity=com.example.dogglers.MainActivity@c119230
07-31 18:54:11.356 22429 22429 D LifecycleMonitor: Lifecycle status change: androidx.test.core.app.InstrumentationActivityInvoker$EmptyActivity@b10a0c8 in: PRE_ON_CREATE
07-31 18:54:11.356 22429 22429 V ActivityScenario: Activity lifecycle changed event received but ignored because the intent does not match. startActivityIntent=Intent { act=android.intent.action.MAIN cat=[android.intent.category.LAUNCHER] cmp=com.example.dogglers/.MainActivity }, activity.getIntent()=Intent { act=android.intent.action.MAIN cat=[android.intent.category.LAUNCHER] flg=0x10000000 cmp=com.example.dogglers/androidx.test.core.app.InstrumentationActivityInvoker$EmptyActivity }, activity=androidx.test.core.app.InstrumentationActivityInvoker$EmptyActivity@b10a0c8
07-31 18:54:11.359 22429 22429 D LifecycleMonitor: Lifecycle status change: androidx.test.core.app.InstrumentationActivityInvoker$EmptyActivity@b10a0c8 in: CREATED
07-31 18:54:11.359 22429 22429 V ActivityScenario: Activity lifecycle changed event received but ignored because the intent does not match. startActivityIntent=Intent { act=android.intent.action.MAIN cat=[android.intent.category.LAUNCHER] cmp=com.example.dogglers/.MainActivity }, activity.getIntent()=Intent { act=android.intent.action.MAIN cat=[android.intent.category.LAUNCHER] flg=0x10000000 cmp=com.example.dogglers/androidx.test.core.app.InstrumentationActivityInvoker$EmptyActivity }, activity=androidx.test.core.app.InstrumentationActivityInvoker$EmptyActivity@b10a0c8
07-31 18:54:11.360 22429 22429 D LifecycleMonitor: Lifecycle status change: androidx.test.core.app.InstrumentationActivityInvoker$EmptyActivity@b10a0c8 in: STARTED
07-31 18:54:11.360 22429 22429 V ActivityScenario: Activity lifecycle changed event received but ignored because the intent does not match. startActivityIntent=Intent { act=android.intent.action.MAIN cat=[android.intent.category.LAUNCHER] cmp=com.example.dogglers/.MainActivity }, activity.getIntent()=Intent { act=android.intent.action.MAIN cat=[android.intent.category.LAUNCHER] flg=0x10000000 cmp=com.example.dogglers/androidx.test.core.app.InstrumentationActivityInvoker$EmptyActivity }, activity=androidx.test.core.app.InstrumentationActivityInvoker$EmptyActivity@b10a0c8
07-31 18:54:11.360 22429 22429 D LifecycleMonitor: Lifecycle status change: androidx.test.core.app.InstrumentationActivityInvoker$EmptyActivity@b10a0c8 in: RESUMED
07-31 18:54:11.360 22429 22429 V ActivityScenario: Activity lifecycle changed event received but ignored because the intent does not match. startActivityIntent=Intent { act=android.intent.action.MAIN cat=[android.intent.category.LAUNCHER] cmp=com.example.dogglers/.MainActivity }, activity.getIntent()=Intent { act=android.intent.action.MAIN cat=[android.intent.category.LAUNCHER] flg=0x10000000 cmp=com.example.dogglers/androidx.test.core.app.InstrumentationActivityInvoker$EmptyActivity }, activity=androidx.test.core.app.InstrumentationActivityInvoker$EmptyActivity@b10a0c8
07-31 18:54:11.372   337   337 D goldfish-address-space: claimShared: Ask to claim region [0x1ec000000 0x1ec968000]
07-31 18:54:11.374   337   337 D goldfish-address-space: claimShared: Ask to claim region [0x1f52d0000 0x1f5c38000]
07-31 18:54:11.374   337   337 D goldfish-address-space: claimShared: Ask to claim region [0x1f5c38000 0x1f65a0000]
07-31 18:54:11.382   509   544 I ActivityTaskManager: Displayed com.example.dogglers/androidx.test.core.app.InstrumentationActivityInvoker$EmptyActivity: +456ms
07-31 18:54:11.386 22429 22429 D LifecycleMonitor: Lifecycle status change: com.example.dogglers.MainActivity@c119230 in: STOPPED
07-31 18:54:11.386 22429 22429 V ActivityScenario: Update currentActivityStage to STOPPED, currentActivity=com.example.dogglers.MainActivity@c119230
07-31 18:54:11.387 22429 22429 D LifecycleMonitor: Lifecycle status change: com.example.dogglers.MainActivity@c119230 in: DESTROYED
07-31 18:54:11.387 22429 22429 V ActivityScenario: Update currentActivityStage to DESTROYED, currentActivity=null
07-31 18:54:11.389   509  1635 W InputManager-JNI: Input channel object 'cbc1839 com.example.dogglers/com.example.dogglers.MainActivity (client)' was disposed without first being removed with the input manager!
07-31 18:54:11.392 22429 22429 D LifecycleMonitor: Lifecycle status change: androidx.test.core.app.InstrumentationActivityInvoker$EmptyActivity@b10a0c8 in: PAUSED
07-31 18:54:11.392 22429 22429 V ActivityScenario: Activity lifecycle changed event received but ignored because the intent does not match. startActivityIntent=Intent { act=android.intent.action.MAIN cat=[android.intent.category.LAUNCHER] cmp=com.example.dogglers/.MainActivity }, activity.getIntent()=Intent { act=android.intent.action.MAIN cat=[android.intent.category.LAUNCHER] flg=0x10000000 cmp=com.example.dogglers/androidx.test.core.app.InstrumentationActivityInvoker$EmptyActivity }, activity=androidx.test.core.app.InstrumentationActivityInvoker$EmptyActivity@b10a0c8
07-31 18:54:11.395 22429 22429 D LifecycleMonitor: Lifecycle status change: androidx.test.core.app.InstrumentationActivityInvoker$BootstrapActivity@91e2856 in: DESTROYED
07-31 18:54:11.395 22429 22429 V ActivityScenario: Activity lifecycle changed event received but ignored because the intent does not match. startActivityIntent=Intent { act=android.intent.action.MAIN cat=[android.intent.category.LAUNCHER] cmp=com.example.dogglers/.MainActivity }, activity.getIntent()=Intent { act=android.intent.action.MAIN cat=[android.intent.category.LAUNCHER] flg=0x10008000 cmp=com.example.dogglers/androidx.test.core.app.InstrumentationActivityInvoker$BootstrapActivity (has extras) }, activity=androidx.test.core.app.InstrumentationActivityInvoker$BootstrapActivity@91e2856
07-31 18:54:11.397 22429 22429 D LifecycleMonitor: Lifecycle status change: androidx.test.core.app.InstrumentationActivityInvoker$EmptyActivity@3ee8f99 in: PRE_ON_CREATE
07-31 18:54:11.397 22429 22429 V ActivityScenario: Activity lifecycle changed event received but ignored because the intent does not match. startActivityIntent=Intent { act=android.intent.action.MAIN cat=[android.intent.category.LAUNCHER] cmp=com.example.dogglers/.MainActivity }, activity.getIntent()=Intent { act=android.intent.action.MAIN cat=[android.intent.category.LAUNCHER] flg=0x10000000 cmp=com.example.dogglers/androidx.test.core.app.InstrumentationActivityInvoker$EmptyActivity }, activity=androidx.test.core.app.InstrumentationActivityInvoker$EmptyActivity@3ee8f99
07-31 18:54:11.399 22429 22429 D LifecycleMonitor: Lifecycle status change: androidx.test.core.app.InstrumentationActivityInvoker$EmptyActivity@3ee8f99 in: CREATED
07-31 18:54:11.399 22429 22429 V ActivityScenario: Activity lifecycle changed event received but ignored because the intent does not match. startActivityIntent=Intent { act=android.intent.action.MAIN cat=[android.intent.category.LAUNCHER] cmp=com.example.dogglers/.MainActivity }, activity.getIntent()=Intent { act=android.intent.action.MAIN cat=[android.intent.category.LAUNCHER] flg=0x10000000 cmp=com.example.dogglers/androidx.test.core.app.InstrumentationActivityInvoker$EmptyActivity }, activity=androidx.test.core.app.InstrumentationActivityInvoker$EmptyActivity@3ee8f99
07-31 18:54:11.399 22429 22429 D LifecycleMonitor: Lifecycle status change: androidx.test.core.app.InstrumentationActivityInvoker$EmptyActivity@3ee8f99 in: STARTED
07-31 18:54:11.399 22429 22429 V ActivityScenario: Activity lifecycle changed event received but ignored because the intent does not match. startActivityIntent=Intent { act=android.intent.action.MAIN cat=[android.intent.category.LAUNCHER] cmp=com.example.dogglers/.MainActivity }, activity.getIntent()=Intent { act=android.intent.action.MAIN cat=[android.intent.category.LAUNCHER] flg=0x10000000 cmp=com.example.dogglers/androidx.test.core.app.InstrumentationActivityInvoker$EmptyActivity }, activity=androidx.test.core.app.InstrumentationActivityInvoker$EmptyActivity@3ee8f99
07-31 18:54:11.400 22429 22429 D LifecycleMonitor: Lifecycle status change: androidx.test.core.app.InstrumentationActivityInvoker$EmptyActivity@3ee8f99 in: RESUMED
07-31 18:54:11.400 22429 22429 V ActivityScenario: Activity lifecycle changed event received but ignored because the intent does not match. startActivityIntent=Intent { act=android.intent.action.MAIN cat=[android.intent.category.LAUNCHER] cmp=com.example.dogglers/.MainActivity }, activity.getIntent()=Intent { act=android.intent.action.MAIN cat=[android.intent.category.LAUNCHER] flg=0x10000000 cmp=com.example.dogglers/androidx.test.core.app.InstrumentationActivityInvoker$EmptyActivity }, activity=androidx.test.core.app.InstrumentationActivityInvoker$EmptyActivity@3ee8f99
07-31 18:54:11.405   337   337 D goldfish-address-space: claimShared: Ask to claim region [0x1ec968000 0x1ed2d0000]
07-31 18:54:11.406   337   337 D goldfish-address-space: claimShared: Ask to claim region [0x1f120c000 0x1f1b74000]
07-31 18:54:11.407   337   337 D goldfish-address-space: claimShared: Ask to claim region [0x1f65a0000 0x1f6f08000]
07-31 18:54:11.412   509   544 I ActivityTaskManager: Displayed com.example.dogglers/androidx.test.core.app.InstrumentationActivityInvoker$EmptyActivity: +29ms
07-31 18:54:11.413 22429 22429 D LifecycleMonitor: Lifecycle status change: androidx.test.core.app.InstrumentationActivityInvoker$EmptyActivity@b10a0c8 in: STOPPED
07-31 18:54:11.413 22429 22429 V ActivityScenario: Activity lifecycle changed event received but ignored because the intent does not match. startActivityIntent=Intent { act=android.intent.action.MAIN cat=[android.intent.category.LAUNCHER] cmp=com.example.dogglers/.MainActivity }, activity.getIntent()=Intent { act=android.intent.action.MAIN cat=[android.intent.category.LAUNCHER] flg=0x10000000 cmp=com.example.dogglers/androidx.test.core.app.InstrumentationActivityInvoker$EmptyActivity }, activity=androidx.test.core.app.InstrumentationActivityInvoker$EmptyActivity@b10a0c8
07-31 18:54:11.423   337   337 D goldfish-address-space: claimShared: Ask to claim region [0x1ed2d0000 0x1ed8d4000]
07-31 18:54:11.428 22429 22429 D LifecycleMonitor: Lifecycle status change: androidx.test.core.app.InstrumentationActivityInvoker$EmptyActivity@b10a0c8 in: DESTROYED
07-31 18:54:11.428 22429 22429 V ActivityScenario: Activity lifecycle changed event received but ignored because the intent does not match. startActivityIntent=Intent { act=android.intent.action.MAIN cat=[android.intent.category.LAUNCHER] cmp=com.example.dogglers/.MainActivity }, activity.getIntent()=Intent { act=android.intent.action.MAIN cat=[android.intent.category.LAUNCHER] flg=0x10000000 cmp=com.example.dogglers/androidx.test.core.app.InstrumentationActivityInvoker$EmptyActivity }, activity=androidx.test.core.app.InstrumentationActivityInvoker$EmptyActivity@b10a0c8
07-31 18:54:11.429   509  1635 W InputManager-JNI: Input channel object '82f20b6 com.example.dogglers/androidx.test.core.app.InstrumentationActivityInvoker$EmptyActivity (client)' was disposed without first being removed with the input manager!
07-31 18:54:11.431 22429 22429 D LifecycleMonitor: Lifecycle status change: androidx.test.core.app.InstrumentationActivityInvoker$EmptyActivity@3ee8f99 in: PAUSED
07-31 18:54:11.431 22429 22429 V ActivityScenario: Activity lifecycle changed event received but ignored because the intent does not match. startActivityIntent=Intent { act=android.intent.action.MAIN cat=[android.intent.category.LAUNCHER] cmp=com.example.dogglers/.MainActivity }, activity.getIntent()=Intent { act=android.intent.action.MAIN cat=[android.intent.category.LAUNCHER] flg=0x10000000 cmp=com.example.dogglers/androidx.test.core.app.InstrumentationActivityInvoker$EmptyActivity }, activity=androidx.test.core.app.InstrumentationActivityInvoker$EmptyActivity@3ee8f99
07-31 18:54:11.434 22429 22450 E TestRunner: failed: clicking_vertical_list_button_displays_vertical_list(com.example.dogglers.ButtonTests)
07-31 18:54:11.434 22429 22450 E TestRunner: ----- begin exception -----
07-31 18:54:11.434 22429 22450 E TestRunner: androidx.test.espresso.NoMatchingViewException: No views in hierarchy found matching: view.getId() is <2131231206/com.example.dogglers:id/vertical_recycler_view>
07-31 18:54:11.434 22429 22450 E TestRunner:
07-31 18:54:11.434 22429 22450 E TestRunner: View Hierarchy:
07-31 18:54:11.434 22429 22450 E TestRunner: +>DecorView{id=-1, visibility=VISIBLE, width=1080, height=2280, has-focus=false, has-focusable=true, has-window-focus=true, is-clickable=false, is-enabled=true, is-focused=false, is-focusable=false, is-layout-requested=false, is-selected=false, layout-params={(0,0)(fillxfill) ty=BASE_APPLICATION wanim=0x10302fe
07-31 18:54:11.434 22429 22450 E TestRunner:   fl=LAYOUT_IN_SCREEN LAYOUT_INSET_DECOR SPLIT_TOUCH HARDWARE_ACCELERATED DRAWS_SYSTEM_BAR_BACKGROUNDS
07-31 18:54:11.434 22429 22450 E TestRunner:   pfl=NO_MOVE_ANIMATION FORCE_DRAW_STATUS_BAR_BACKGROUND FIT_INSETS_CONTROLLED
07-31 18:54:11.434 22429 22450 E TestRunner:   bhv=DEFAULT
07-31 18:54:11.434 22429 22450 E TestRunner:   fitSides=}, tag=null, root-is-layout-requested=false, has-input-connection=false, x=0.0, y=0.0, child-count=3}
07-31 18:54:11.434 22429 22450 E TestRunner: |
07-31 18:54:11.434 22429 22450 E TestRunner: +->LinearLayout{id=-1, visibility=VISIBLE, width=1080, height=2148, has-focus=false, has-focusable=true, has-window-focus=true, is-clickable=false, is-enabled=true, is-focused=false, is-focusable=false, is-layout-requested=false, is-selected=false, layout-params=android.widget.FrameLayout$LayoutParams@dd4c281, tag=null, root-is-layout-requested=false, has-input-connection=false, x=0.0, y=0.0, child-count=2}
07-31 18:54:11.434 22429 22450 E TestRunner: |
07-31 18:54:11.434 22429 22450 E TestRunner: +-->ViewStub{id=16908720, res-name=action_mode_bar_stub, visibility=GONE, width=0, height=0, has-focus=false, has-focusable=false, has-window-focus=true, is-clickable=false, is-enabled=true, is-focused=false, is-focusable=false, is-layout-requested=true, is-selected=false, layout-params=android.widget.LinearLayout$LayoutParams@7a04f26, tag=null, root-is-layout-requested=false, has-input-connection=false, x=0.0, y=0.0}
07-31 18:54:11.434 22429 22450 E TestRunner: |
07-31 18:54:11.434 22429 22450 E TestRunner: +-->FrameLayout{id=-1, visibility=VISIBLE, width=1080, height=2082, has-focus=false, has-focusable=true, has-window-focus=true, is-clickable=false, is-enabled=true, is-focused=false, is-focusable=false, is-layout-requested=false, is-selected=false, layout-params=android.widget.LinearLayout$LayoutParams@6456914, tag=null, root-is-layout-requested=false, has-input-connection=false, x=0.0, y=66.0, child-count=1}
07-31 18:54:11.434 22429 22450 E TestRunner: |
07-31 18:54:11.434 22429 22450 E TestRunner: +--->ActionBarOverlayLayout{id=2131230866, res-name=decor_content_parent, visibility=VISIBLE, width=1080, height=2082, has-focus=false, has-focusable=true, has-window-focus=true, is-clickable=false, is-enabled=true, is-focused=false, is-focusable=false, is-layout-requested=false, is-selected=false, layout-params=android.widget.FrameLayout$LayoutParams@e062303, tag=null, root-is-layout-requested=false, has-input-connection=false, x=0.0, y=0.0, child-count=2}
07-31 18:54:11.434 22429 22450 E TestRunner: |
07-31 18:54:11.434 22429 22450 E TestRunner: +---->ContentFrameLayout{id=16908290, res-name=content, visibility=VISIBLE, width=1080, height=1928, has-focus=false, has-focusable=true, has-window-focus=true, is-clickable=false, is-enabled=true, is-focused=false, is-focusable=false, is-layout-requested=false, is-selected=false, layout-params=androidx.appcompat.widget.ActionBarOverlayLayout$LayoutParams@35640b9, tag=null, root-is-layout-requested=false, has-input-connection=false, x=0.0, y=154.0, child-count=1}
07-31 18:54:11.434 22429 22450 E TestRunner: |
07-31 18:54:11.434 22429 22450 E TestRunner: +----->ConstraintLayout{id=-1, visibility=VISIBLE, width=1080, height=1928, has-focus=false, has-focusable=true, has-window-focus=true, is-clickable=false, is-enabled=true, is-focused=false, is-focusable=false, is-layout-requested=false, is-selected=false, layout-params=android.widget.FrameLayout$LayoutParams@b912f75, tag=null, root-is-layout-requested=false, has-input-connection=false, x=0.0, y=0.0, child-count=3}
07-31 18:54:11.434 22429 22450 E TestRunner: |
07-31 18:54:11.434 22429 22450 E TestRunner: +------>MaterialButton{id=2131230947, res-name=horizontal_btn, visibility=VISIBLE, width=688, height=132, has-focus=false, has-focusable=true, has-window-focus=true, is-clickable=true, is-enabled=true, is-focused=false, is-focusable=true, is-layout-requested=false, is-selected=false, layout-params=androidx.constraintlayout.widget.ConstraintLayout$LayoutParams@2c50b0a, tag=null, root-is-layout-requested=false, has-input-connection=false, x=196.0, y=898.0, text=Horizontal, input-type=0, ime-target=false, has-links=false, is-checked=false}
07-31 18:54:11.434 22429 22450 E TestRunner: |
07-31 18:54:11.434 22429 22450 E TestRunner: +------>MaterialButton{id=2131231204, res-name=vertical_btn, visibility=VISIBLE, width=688, height=132, has-focus=false, has-focusable=true, has-window-focus=true, is-clickable=true, is-enabled=true, is-focused=false, is-focusable=true, is-layout-requested=false, is-selected=false, layout-params=androidx.constraintlayout.widget.ConstraintLayout$LayoutParams@afeef7b, tag=null, root-is-layout-requested=false, has-input-connection=false, x=196.0, y=766.0, text=Vertical, input-type=0, ime-target=false, has-links=false, is-checked=false}
07-31 18:54:11.434 22429 22450 E TestRunner: |
07-31 18:54:11.434 22429 22450 E TestRunner: +------>MaterialButton{id=2131230936, res-name=grid_btn, visibility=VISIBLE, width=688, height=132, has-focus=false, has-focusable=true, has-window-focus=true, is-clickable=true, is-enabled=true, is-focused=false, is-focusable=true, is-layout-requested=false, is-selected=false, layout-params=androidx.constraintlayout.widget.ConstraintLayout$LayoutParams@fa5a198, tag=null, root-is-layout-requested=false, has-input-connection=false, x=196.0, y=1030.0, text=Grid, input-type=0, ime-target=false, has-links=false, is-checked=false}
07-31 18:54:11.434 22429 22450 E TestRunner: |
07-31 18:54:11.434 22429 22450 E TestRunner: +---->ActionBarContainer{id=2131230774, res-name=action_bar_container, visibility=VISIBLE, width=1080, height=154, has-focus=false, has-focusable=false, has-window-focus=true, is-clickable=false, is-enabled=true, is-focused=false, is-focusable=false, is-layout-requested=false, is-selected=false, layout-params=androidx.appcompat.widget.ActionBarOverlayLayout$LayoutParams@1030857, tag=null, root-is-layout-requested=false, has-input-connection=false, x=0.0, y=0.0, child-count=2}
07-31 18:54:11.434 22429 22450 E TestRunner: |
07-31 18:54:11.434 22429 22450 E TestRunner: +----->Toolbar{id=2131230772, res-name=action_bar, visibility=VISIBLE, width=1080, height=154, has-focus=false, has-focusable=false, has-window-focus=true, is-clickable=false, is-enabled=true, is-focused=false, is-focusable=false, is-layout-requested=false, is-selected=false, layout-params=android.widget.FrameLayout$LayoutParams@ac3f162, tag=null, root-is-layout-requested=false, has-input-connection=false, x=0.0, y=0.0, child-count=2}
07-31 18:54:11.434 22429 22450 E TestRunner: |
07-31 18:54:11.434 22429 22450 E TestRunner: +------>AppCompatTextView{id=-1, visibility=VISIBLE, width=225, height=74, has-focus=false, has-focusable=false, has-window-focus=true, is-clickable=false, is-enabled=true, is-focused=false, is-focusable=false, is-layout-requested=false, is-selected=false, layout-params=androidx.appcompat.widget.Toolbar$LayoutParams@cc5d2f3, tag=null, root-is-layout-requested=false, has-input-connection=false, x=44.0, y=40.0, text=Dogglers, input-type=0, ime-target=false, has-links=false}
07-31 18:54:11.434 22429 22450 E TestRunner: |
07-31 18:54:11.434 22429 22450 E TestRunner: +------>ActionMenuView{id=-1, visibility=VISIBLE, width=0, height=154, has-focus=false, has-focusable=false, has-window-focus=true, is-clickable=false, is-enabled=true, is-focused=false, is-focusable=false, is-layout-requested=false, is-selected=false, layout-params=androidx.appcompat.widget.Toolbar$LayoutParams@1730bb0, tag=null, root-is-layout-requested=false, has-input-connection=false, x=1080.0, y=0.0, child-count=0}
07-31 18:54:11.434 22429 22450 E TestRunner: |
07-31 18:54:11.434 22429 22450 E TestRunner: +----->ActionBarContextView{id=2131230780, res-name=action_context_bar, visibility=GONE, width=0, height=0, has-focus=false, has-focusable=false, has-window-focus=true, is-clickable=false, is-enabled=true, is-focused=false, is-focusable=false, is-layout-requested=true, is-selected=false, layout-params=android.widget.FrameLayout$LayoutParams@5abca29, tag=null, root-is-layout-requested=false, has-input-connection=false, x=0.0, y=0.0, child-count=0}
07-31 18:54:11.434 22429 22450 E TestRunner: |
07-31 18:54:11.434 22429 22450 E TestRunner: +->View{id=16908336, res-name=navigationBarBackground, visibility=VISIBLE, width=1080, height=132, has-focus=false, has-focusable=false, has-window-focus=true, is-clickable=false, is-enabled=true, is-focused=false, is-focusable=false, is-layout-requested=false, is-selected=false, layout-params=android.widget.FrameLayout$LayoutParams@673c1ae, tag=null, root-is-layout-requested=false, has-input-connection=false, x=0.0, y=2148.0}
07-31 18:54:11.434 22429 22450 E TestRunner: |
07-31 18:54:11.434 22429 22450 E TestRunner: +->View{id=16908335, res-name=statusBarBackground, visibility=VISIBLE, width=1080, height=66, has-focus=false, has-focusable=false, has-window-focus=true, is-clickable=false, is-enabled=true, is-focused=false, is-focusable=false, is-layout-requested=false, is-selected=false, layout-params=android.widget.FrameLayout$LayoutParams@ee0ab4f, tag=null, root-is-layout-requested=false, has-input-connection=false, x=0.0, y=0.0}
07-31 18:54:11.434 22429 22450 E TestRunner: 	at dalvik.system.VMStack.getThreadStackTrace(Native Method)
07-31 18:54:11.434 22429 22450 E TestRunner: 	at java.lang.Thread.getStackTrace(Thread.java:1724)
07-31 18:54:11.434 22429 22450 E TestRunner: 	at androidx.test.espresso.base.DefaultFailureHandler.getUserFriendlyError(DefaultFailureHandler.java:12)
07-31 18:54:11.434 22429 22450 E TestRunner: 	at androidx.test.espresso.base.DefaultFailureHandler.handle(DefaultFailureHandler.java:7)
07-31 18:54:11.434 22429 22450 E TestRunner: 	at androidx.test.espresso.ViewInteraction.waitForAndHandleInteractionResults(ViewInteraction.java:8)
07-31 18:54:11.434 22429 22450 E TestRunner: 	at androidx.test.espresso.ViewInteraction.check(ViewInteraction.java:12)
07-31 18:54:11.434 22429 22450 E TestRunner: 	at com.example.dogglers.ButtonTests.clicking_vertical_list_button_displays_vertical_list(ButtonTests.kt:55)
07-31 18:54:11.434 22429 22450 E TestRunner: 	at java.lang.reflect.Method.invoke(Native Method)
07-31 18:54:11.434 22429 22450 E TestRunner: 	at org.junit.runners.model.FrameworkMethod$1.runReflectiveCall(FrameworkMethod.java:50)
07-31 18:54:11.434 22429 22450 E TestRunner: 	at org.junit.internal.runners.model.ReflectiveCallable.run(ReflectiveCallable.java:12)
07-31 18:54:11.434 22429 22450 E TestRunner: 	at org.junit.runners.model.FrameworkMethod.invokeExplosively(FrameworkMethod.java:47)
07-31 18:54:11.434 22429 22450 E TestRunner: 	at org.junit.internal.runners.statements.InvokeMethod.evaluate(InvokeMethod.java:17)
07-31 18:54:11.434 22429 22450 E TestRunner: 	at org.junit.rules.ExternalResource$1.evaluate(ExternalResource.java:48)
07-31 18:54:11.434 22429 22450 E TestRunner: 	at org.junit.rules.RunRules.evaluate(RunRules.java:20)
07-31 18:54:11.434 22429 22450 E TestRunner: 	at org.junit.runners.ParentRunner.runLeaf(ParentRunner.java:325)
07-31 18:54:11.434 22429 22450 E TestRunner: 	at org.junit.runners.BlockJUnit4ClassRunner.runChild(BlockJUnit4ClassRunner.java:78)
07-31 18:54:11.434 22429 22450 E TestRunner: 	at org.junit.runners.BlockJUnit4ClassRunner.runChild(BlockJUnit4ClassRunner.java:57)
07-31 18:54:11.434 22429 22450 E TestRunner: 	at org.junit.runners.ParentRunner$3.run(ParentRunner.java:290)
07-31 18:54:11.434 22429 22450 E TestRunner: 	at org.junit.runners.ParentRunner$1.schedule(ParentRunner.java:71)
07-31 18:54:11.434 22429 22450 E TestRunner: 	at org.junit.runners.ParentRunner.runChildren(ParentRunner.java:288)
07-31 18:54:11.434 22429 22450 E TestRunner: 	at org.junit.runners.ParentRunner.access$000(ParentRunner.java:58)
07-31 18:54:11.434 22429 22450 E TestRunner: 	at org.junit.runners.ParentRunner$2.evaluate(ParentRunner.java:268)
07-31 18:54:11.434 22429 22450 E TestRunner: 	at org.junit.runners.ParentRunner.run(ParentRunner.java:363)
07-31 18:54:11.434 22429 22450 E TestRunner: 	at androidx.test.ext.junit.runners.AndroidJUnit4.run(AndroidJUnit4.java:162)
07-31 18:54:11.434 22429 22450 E TestRunner: 	at org.junit.runners.Suite.runChild(Suite.java:128)
07-31 18:54:11.434 22429 22450 E TestRunner: 	at org.junit.runners.Suite.runChild(Suite.java:27)
07-31 18:54:11.434 22429 22450 E TestRunner: 	at org.junit.runners.ParentRunner$3.run(ParentRunner.java:290)
07-31 18:54:11.434 22429 22450 E TestRunner: 	at org.junit.runners.ParentRunner$1.schedule(ParentRunner.java:71)
07-31 18:54:11.434 22429 22450 E TestRunner: 	at org.junit.runners.ParentRunner.runChildren(ParentRunner.java:288)
07-31 18:54:11.434 22429 22450 E TestRunner: 	at org.junit.runners.ParentRunner.access$000(ParentRunner.java:58)
07-31 18:54:11.434 22429 22450 E TestRunner: 	at org.junit.runners.ParentRunner$2.evaluate(ParentRunner.java:268)
07-31 18:54:11.434 22429 22450 E TestRunner: 	at org.junit.runners.ParentRunner.run(ParentRunner.java:363)
07-31 18:54:11.434 22429 22450 E TestRunner: 	at org.junit.runner.JUnitCore.run(JUnitCore.java:137)
07-31 18:54:11.434 22429 22450 E TestRunner: 	at org.junit.runner.JUnitCore.run(JUnitCore.java:115)
07-31 18:54:11.434 22429 22450 E TestRunner: 	at androidx.test.internal.runner.TestExecutor.execute(TestExecutor.java:56)
07-31 18:54:11.434 22429 22450 E TestRunner: 	at androidx.test.runner.AndroidJUnitRunner.onStart(AndroidJUnitRunner.java:444)
07-31 18:54:11.434 22429 22450 E TestRunner: 	at android.app.Instrumentation$InstrumentationThread.run(Instrumentation.java:2248)
07-31 18:54:11.434 22429 22450 E TestRunner: ----- end exception -----
07-31 18:54:11.435 22429 22450 I TestRunner: finished: clicking_vertical_list_button_displays_vertical_list(com.example.dogglers.ButtonTests)
