07-31 18:54:12.736 22429 22450 I TestRunner: started: vertical_list_button_is_displayed(com.example.dogglers.ButtonTests)
07-31 18:54:12.738 22429 22450 W Settings: Setting always_finish_activities has moved from android.provider.Settings.System to android.provider.Settings.Global, returning read-only value.
07-31 18:54:12.747 22429 22429 D LifecycleMonitor: Lifecycle status change: androidx.test.core.app.InstrumentationActivityInvoker$BootstrapActivity@d51e3ea in: PRE_ON_CREATE
07-31 18:54:12.747 22429 22429 V ActivityScenario: Activity lifecycle changed event received but ignored because the intent does not match. startActivityIntent=Intent { act=android.intent.action.MAIN cat=[android.intent.category.LAUNCHER] cmp=com.example.dogglers/.MainActivity }, activity.getIntent()=Intent { act=android.intent.action.MAIN cat=[android.intent.category.LAUNCHER] flg=0x10008000 cmp=com.example.dogglers/androidx.test.core.app.InstrumentationActivityInvoker$BootstrapActivity (has extras) }, activity=androidx.test.core.app.InstrumentationActivityInvoker$BootstrapActivity@d51e3ea
07-31 18:54:12.749 22429 22429 D LifecycleMonitor: Lifecycle status change: androidx.test.core.app.InstrumentationActivityInvoker$BootstrapActivity@d51e3ea in: CREATED
07-31 18:54:12.749 22429 22429 V ActivityScenario: Activity lifecycle changed event received but ignored because the intent does not match. startActivityIntent=Intent { act=android.intent.action.MAIN cat=[android.intent.category.LAUNCHER] cmp=com.example.dogglers/.MainActivity }, activity.getIntent()=Intent { act=android.intent.action.MAIN cat=[android.intent.category.LAUNCHER] flg=0x10008000 cmp=com.example.dogglers/androidx.test.core.app.InstrumentationActivityInvoker$BootstrapActivity (has extras) }, activity=androidx.test.core.app.InstrumentationActivityInvoker$BootstrapActivity@d51e3ea
07-31 18:54:12.749 22429 22429 D LifecycleMonitor: Lifecycle status change: androidx.test.core.app.InstrumentationActivityInvoker$BootstrapActivity@d51e3ea in: STARTED
07-31 18:54:12.749 22429 22429 V ActivityScenario: Activity lifecycle changed event received but ignored because the intent does not match. startActivityIntent=Intent { act=android.intent.action.MAIN cat=[android.intent.category.LAUNCHER] cmp=com.example.dogglers/.MainActivity }, activity.getIntent()=Intent { act=android.intent.action.MAIN cat=[android.intent.category.LAUNCHER] flg=0x10008000 cmp=com.example.dogglers/androidx.test.core.app.InstrumentationActivityInvoker$BootstrapActivity (has extras) }, activity=androidx.test.core.app.InstrumentationActivityInvoker$BootstrapActivity@d51e3ea
07-31 18:54:12.751 22429 22429 D LifecycleMonitor: Lifecycle status change: androidx.test.core.app.InstrumentationActivityInvoker$BootstrapActivity@d51e3ea in: RESUMED
07-31 18:54:12.751 22429 22429 V ActivityScenario: Activity lifecycle changed event received but ignored because the intent does not match. startActivityIntent=Intent { act=android.intent.action.MAIN cat=[android.intent.category.LAUNCHER] cmp=com.example.dogglers/.MainActivity }, activity.getIntent()=Intent { act=android.intent.action.MAIN cat=[android.intent.category.LAUNCHER] flg=0x10008000 cmp=com.example.dogglers/androidx.test.core.app.InstrumentationActivityInvoker$BootstrapActivity (has extras) }, activity=androidx.test.core.app.InstrumentationActivityInvoker$BootstrapActivity@d51e3ea
07-31 18:54:12.752 22429 22429 D LifecycleMonitor: Lifecycle status change: androidx.test.core.app.InstrumentationActivityInvoker$BootstrapActivity@d51e3ea in: PAUSED
07-31 18:54:12.752 22429 22429 V ActivityScenario: Activity lifecycle changed event received but ignored because the intent does not match. startActivityIntent=Intent { act=android.intent.action.MAIN cat=[android.intent.category.LAUNCHER] cmp=com.example.dogglers/.MainActivity }, activity.getIntent()=Intent { act=android.intent.action.MAIN cat=[android.intent.category.LAUNCHER] flg=0x10008000 cmp=com.example.dogglers/androidx.test.core.app.InstrumentationActivityInvoker$BootstrapActivity (has extras) }, activity=androidx.test.core.app.InstrumentationActivityInvoker$BootstrapActivity@d51e3ea
07-31 18:54:12.753   337   383 D goldfish-address-space: claimShared: Ask to claim region [0x1ee23c000 0x1eeba4000]
07-31 18:54:12.757   337   383 D goldfish-address-space: claimShared: Ask to claim region [0x1eeba4000 0x1ef50c000]
07-31 18:54:12.758   337   383 D goldfish-address-space: claimShared: Ask to claim region [0x1ef50c000 0x1efe74000]
07-31 18:54:12.759 22429 22429 D LifecycleMonitor: Lifecycle status change: com.example.dogglers.MainActivity@6525124 in: PRE_ON_CREATE
07-31 18:54:12.759 22429 22429 V ActivityScenario: Activity lifecycle changed event received but ignored because the reported transition was not ON_CREATE while the last known transition was PRE_ON_CREATE
07-31 18:54:12.766 22429 22429 D LifecycleMonitor: Lifecycle status change: com.example.dogglers.MainActivity@6525124 in: CREATED
07-31 18:54:12.766 22429 22429 V ActivityScenario: Update currentActivityStage to CREATED, currentActivity=com.example.dogglers.MainActivity@6525124
07-31 18:54:12.767 22429 22429 D LifecycleMonitor: Lifecycle status change: com.example.dogglers.MainActivity@6525124 in: STARTED
07-31 18:54:12.767 22429 22429 V ActivityScenario: Update currentActivityStage to STARTED, currentActivity=com.example.dogglers.MainActivity@6525124
07-31 18:54:12.767 22429 22429 D LifecycleMonitor: Lifecycle status change: com.example.dogglers.MainActivity@6525124 in: RESUMED
07-31 18:54:12.768 22429 22429 V ActivityScenario: Update currentActivityStage to RESUMED, currentActivity=com.example.dogglers.MainActivity@6525124
07-31 18:54:12.772   760   831 D EGL_emulation: app_time_stats: avg=64.29ms min=5.44ms max=397.79ms count=18
07-31 18:54:12.773 22429 22429 D LifecycleMonitor: Lifecycle status change: androidx.test.core.app.InstrumentationActivityInvoker$BootstrapActivity@d51e3ea in: STOPPED
07-31 18:54:12.773 22429 22429 V ActivityScenario: Activity lifecycle changed event received but ignored because the intent does not match. startActivityIntent=Intent { act=android.intent.action.MAIN cat=[android.intent.category.LAUNCHER] cmp=com.example.dogglers/.MainActivity }, activity.getIntent()=Intent { act=android.intent.action.MAIN cat=[android.intent.category.LAUNCHER] flg=0x10008000 cmp=com.example.dogglers/androidx.test.core.app.InstrumentationActivityInvoker$BootstrapActivity (has extras) }, activity=androidx.test.core.app.InstrumentationActivityInvoker$BootstrapActivity@d51e3ea
07-31 18:54:12.791   337   383 D goldfish-address-space: claimShared: Ask to claim region [0x1ec000000 0x1ec968000]
07-31 18:54:12.793   337   383 D goldfish-address-space: claimShared: Ask to claim region [0x1ec968000 0x1ed2d0000]
07-31 18:54:12.793   337   383 D goldfish-address-space: claimShared: Ask to claim region [0x1f0604000 0x1f0f6c000]
07-31 18:54:12.800   509   544 I ActivityTaskManager: Displayed com.example.dogglers/.MainActivity: +58ms
07-31 18:54:12.803 22429 22429 D RootViewPicker: Root not ready - waiting: 10ms for one to appear.
07-31 18:54:12.814 22429 22429 D RootViewPicker: Root not ready - waiting: 25ms for one to appear.
07-31 18:54:12.823  7329  7329 I GoogleInputMethodService: GoogleInputMethodService.onFinishInput():3420
07-31 18:54:12.823  7329  7329 I GoogleInputMethodService: GoogleInputMethodService.onStartInput():2002
07-31 18:54:12.833  7329  7329 I DeviceUnlockedTag: DeviceUnlockedTag.notifyDeviceLockStatusChanged():31 Notify device unlocked.
07-31 18:54:12.848  2756  2756 I GsaVoiceInteractionSrv: Handling ACTION_STOP_HOTWORD
07-31 18:54:12.848  2756  2756 E HwDetectorWithState: a: 3
07-31 18:54:12.851 22429 22429 I ViewInteraction: Checking 'MatchesViewAssertion{viewMatcher=(view has effective visibility <VISIBLE> and view.getGlobalVisibleRect() to return non-empty rectangle)}' assertion on view view.getId() is <2131231204/com.example.dogglers:id/vertical_btn>
07-31 18:54:12.856 22429 22429 D LifecycleMonitor: Lifecycle status change: com.example.dogglers.MainActivity@6525124 in: PAUSED
07-31 18:54:12.857 22429 22429 V ActivityScenario: Update currentActivityStage to PAUSED, currentActivity=com.example.dogglers.MainActivity@6525124
07-31 18:54:12.860 22429 22429 D LifecycleMonitor: Lifecycle status change: androidx.test.core.app.InstrumentationActivityInvoker$EmptyActivity@fbbdf2d in: PRE_ON_CREATE
07-31 18:54:12.860 22429 22429 V ActivityScenario: Activity lifecycle changed event received but ignored because the intent does not match. startActivityIntent=Intent { act=android.intent.action.MAIN cat=[android.intent.category.LAUNCHER] cmp=com.example.dogglers/.MainActivity }, activity.getIntent()=Intent { act=android.intent.action.MAIN cat=[android.intent.category.LAUNCHER] flg=0x10000000 cmp=com.example.dogglers/androidx.test.core.app.InstrumentationActivityInvoker$EmptyActivity }, activity=androidx.test.core.app.InstrumentationActivityInvoker$EmptyActivity@fbbdf2d
07-31 18:54:12.862 22429 22429 D LifecycleMonitor: Lifecycle status change: androidx.test.core.app.InstrumentationActivityInvoker$EmptyActivity@fbbdf2d in: CREATED
07-31 18:54:12.862 22429 22429 V ActivityScenario: Activity lifecycle changed event received but ignored because the intent does not match. startActivityIntent=Intent { act=android.intent.action.MAIN cat=[android.intent.category.LAUNCHER] cmp=com.example.dogglers/.MainActivity }, activity.getIntent()=Intent { act=android.intent.action.MAIN cat=[android.intent.category.LAUNCHER] flg=0x10000000 cmp=com.example.dogglers/androidx.test.core.app.InstrumentationActivityInvoker$EmptyActivity }, activity=androidx.test.core.app.InstrumentationActivityInvoker$EmptyActivity@fbbdf2d
07-31 18:54:12.862 22429 22429 D LifecycleMonitor: Lifecycle status change: androidx.test.core.app.InstrumentationActivityInvoker$EmptyActivity@fbbdf2d in: STARTED
07-31 18:54:12.862 22429 22429 V ActivityScenario: Activity lifecycle changed event received but ignored because the intent does not match. startActivityIntent=Intent { act=android.intent.action.MAIN cat=[android.intent.category.LAUNCHER] cmp=com.example.dogglers/.MainActivity }, activity.getIntent()=Intent { act=android.intent.action.MAIN cat=[android.intent.category.LAUNCHER] flg=0x10000000 cmp=com.example.dogglers/androidx.test.core.app.InstrumentationActivityInvoker$EmptyActivity }, activity=androidx.test.core.app.InstrumentationActivityInvoker$EmptyActivity@fbbdf2d
07-31 18:54:12.863 22429 22429 D LifecycleMonitor: Lifecycle status change: androidx.test.core.app.InstrumentationActivityInvoker$EmptyActivity@fbbdf2d in: RESUMED
07-31 18:54:12.863 22429 22429 V ActivityScenario: Activity lifecycle changed event received but ignored because the intent does not match. startActivityIntent=Intent { act=android.intent.action.MAIN cat=[android.intent.category.LAUNCHER] cmp=com.example.dogglers/.MainActivity }, activity.getIntent()=Intent { act=android.intent.action.MAIN cat=[android.intent.category.LAUNCHER] flg=0x10000000 cmp=com.example.dogglers/androidx.test.core.app.InstrumentationActivityInvoker$EmptyActivity }, activity=androidx.test.core.app.InstrumentationActivityInvoker$EmptyActivity@fbbdf2d
07-31 18:54:12.878   337   383 D goldfish-address-space: claimShared: Ask to claim region [0x1f0f6c000 0x1f18d4000]
07-31 18:54:12.878   337   383 D goldfish-address-space: claimShared: Ask to claim region [0x1f18d4000 0x1f223c000]
07-31 18:54:12.879   337   383 D goldfish-address-space: claimShared: Ask to claim region [0x1f4968000 0x1f52d0000]
07-31 18:54:12.889   509   544 I ActivityTaskManager: Displayed com.example.dogglers/androidx.test.core.app.InstrumentationActivityInvoker$EmptyActivity: +33ms
07-31 18:54:12.922 22429 22429 D LifecycleMonitor: Lifecycle status change: androidx.test.core.app.InstrumentationActivityInvoker$EmptyActivity@fbbdf2d in: PAUSED
07-31 18:54:12.923 22429 22429 V ActivityScenario: Activity lifecycle changed event received but ignored because the intent does not match. startActivityIntent=Intent { act=android.intent.action.MAIN cat=[android.intent.category.LAUNCHER] cmp=com.example.dogglers/.MainActivity }, activity.getIntent()=Intent { act=android.intent.action.MAIN cat=[android.intent.category.LAUNCHER] flg=0x10000000 cmp=com.example.dogglers/androidx.test.core.app.InstrumentationActivityInvoker$EmptyActivity }, activity=androidx.test.core.app.InstrumentationActivityInvoker$EmptyActivity@fbbdf2d
07-31 18:54:12.928 22429 22429 D LifecycleMonitor: Lifecycle status change: androidx.test.core.app.InstrumentationActivityInvoker$BootstrapActivity@d51e3ea in: DESTROYED
07-31 18:54:12.928 22429 22429 V ActivityScenario: Activity lifecycle changed event received but ignored because the intent does not match. startActivityIntent=Intent { act=android.intent.action.MAIN cat=[android.intent.category.LAUNCHER] cmp=com.example.dogglers/.MainActivity }, activity.getIntent()=Intent { act=android.intent.action.MAIN cat=[android.intent.category.LAUNCHER] flg=0x10008000 cmp=com.example.dogglers/androidx.test.core.app.InstrumentationActivityInvoker$BootstrapActivity (has extras) }, activity=androidx.test.core.app.InstrumentationActivityInvoker$BootstrapActivity@d51e3ea
07-31 18:54:12.958 22429 22429 D LifecycleMonitor: Lifecycle status change: androidx.test.core.app.InstrumentationActivityInvoker$EmptyActivity@2eaa5ba in: PRE_ON_CREATE
07-31 18:54:12.959 22429 22429 V ActivityScenario: Activity lifecycle changed event received but ignored because the intent does not match. startActivityIntent=Intent { act=android.intent.action.MAIN cat=[android.intent.category.LAUNCHER] cmp=com.example.dogglers/.MainActivity }, activity.getIntent()=Intent { act=android.intent.action.MAIN cat=[android.intent.category.LAUNCHER] flg=0x10000000 cmp=com.example.dogglers/androidx.test.core.app.InstrumentationActivityInvoker$EmptyActivity }, activity=androidx.test.core.app.InstrumentationActivityInvoker$EmptyActivity@2eaa5ba
07-31 18:54:12.964 22429 22429 D LifecycleMonitor: Lifecycle status change: androidx.test.core.app.InstrumentationActivityInvoker$EmptyActivity@2eaa5ba in: CREATED
07-31 18:54:12.964 22429 22429 V ActivityScenario: Activity lifecycle changed event received but ignored because the intent does not match. startActivityIntent=Intent { act=android.intent.action.MAIN cat=[android.intent.category.LAUNCHER] cmp=com.example.dogglers/.MainActivity }, activity.getIntent()=Intent { act=android.intent.action.MAIN cat=[android.intent.category.LAUNCHER] flg=0x10000000 cmp=com.example.dogglers/androidx.test.core.app.InstrumentationActivityInvoker$EmptyActivity }, activity=androidx.test.core.app.InstrumentationActivityInvoker$EmptyActivity@2eaa5ba
07-31 18:54:12.964 22429 22429 D LifecycleMonitor: Lifecycle status change: androidx.test.core.app.InstrumentationActivityInvoker$EmptyActivity@2eaa5ba in: STARTED
07-31 18:54:12.964 22429 22429 V ActivityScenario: Activity lifecycle changed event received but ignored because the intent does not match. startActivityIntent=Intent { act=android.intent.action.MAIN cat=[android.intent.category.LAUNCHER] cmp=com.example.dogglers/.MainActivity }, activity.getIntent()=Intent { act=android.intent.action.MAIN cat=[android.intent.category.LAUNCHER] flg=0x10000000 cmp=com.example.dogglers/androidx.test.core.app.InstrumentationActivityInvoker$EmptyActivity }, activity=androidx.test.core.app.InstrumentationActivityInvoker$EmptyActivity@2eaa5ba
07-31 18:54:12.965 22429 22429 D LifecycleMonitor: Lifecycle status change: androidx.test.core.app.InstrumentationActivityInvoker$EmptyActivity@2eaa5ba in: RESUMED
07-31 18:54:12.965 22429 22429 V ActivityScenario: Activity lifecycle changed event received but ignored because the intent does not match. startActivityIntent=Intent { act=android.intent.action.MAIN cat=[android.intent.category.LAUNCHER] cmp=com.example.dogglers/.MainActivity }, activity.getIntent()=Intent { act=android.intent.action.MAIN cat=[android.intent.category.LAUNCHER] flg=0x10000000 cmp=com.example.dogglers/androidx.test.core.app.InstrumentationActivityInvoker$EmptyActivity }, activity=androidx.test.core.app.InstrumentationActivityInvoker$EmptyActivity@2eaa5ba
07-31 18:54:12.989   760   831 D EGL_emulation: app_time_stats: avg=50.42ms min=3.62ms max=387.17ms count=19
07-31 18:54:12.995   337   383 D goldfish-address-space: claimShared: Ask to claim region [0x1f65a0000 0x1f6f08000]
07-31 18:54:12.996   337   383 D goldfish-address-space: claimShared: Ask to claim region [0x1f8000000 0x1f8968000]
07-31 18:54:12.996   337   383 D goldfish-address-space: claimShared: Ask to claim region [0x1f8968000 0x1f92d0000]
07-31 18:54:13.006   509   544 I ActivityTaskManager: Displayed com.example.dogglers/androidx.test.core.app.InstrumentationActivityInvoker$EmptyActivity: +112ms
07-31 18:54:13.011   337   383 D goldfish-address-space: claimShared: Ask to claim region [0x1f7870000 0x1f7e74000]
07-31 18:54:13.016 22429 22429 D LifecycleMonitor: Lifecycle status change: androidx.test.core.app.InstrumentationActivityInvoker$EmptyActivity@2eaa5ba in: PAUSED
07-31 18:54:13.016 22429 22429 V ActivityScenario: Activity lifecycle changed event received but ignored because the intent does not match. startActivityIntent=Intent { act=android.intent.action.MAIN cat=[android.intent.category.LAUNCHER] cmp=com.example.dogglers/.MainActivity }, activity.getIntent()=Intent { act=android.intent.action.MAIN cat=[android.intent.category.LAUNCHER] flg=0x10000000 cmp=com.example.dogglers/androidx.test.core.app.InstrumentationActivityInvoker$EmptyActivity }, activity=androidx.test.core.app.InstrumentationActivityInvoker$EmptyActivity@2eaa5ba
07-31 18:54:13.019  2756  2756 I GsaVoiceInteractionSrv: Handling ACTION_START_HOTWORD
07-31 18:54:13.020  2756  2756 I GsaVoiceInteractionSrv: disregardVoiceMatch: false
07-31 18:54:13.020  2756  2756 I GsaVoiceInteractionSrv: Cannot start hotword, hotword has been explicitly disabled.
07-31 18:54:13.109   509  1818 W InputManager-JNI: Input channel object '152b2cc Splash Screen com.example.dogglers (client)' was disposed without first being removed with the input manager!
07-31 18:54:13.124  7329  7329 I GoogleInputMethodService: GoogleInputMethodService.onFinishInput():3420
07-31 18:54:13.124  7329  7329 I GoogleInputMethodService: GoogleInputMethodService.onStartInput():2002
07-31 18:54:13.125  7329  7329 I DeviceUnlockedTag: DeviceUnlockedTag.notifyDeviceLockStatusChanged():31 Notify device unlocked.
07-31 18:54:13.134  1019  1038 W System  : A resource failed to call release.
07-31 18:54:13.134  1019  1038 W System  : A resource failed to call release.
07-31 18:54:13.134  1019  1038 W System  : A resource failed to call release.
07-31 18:54:13.134  1019  1038 W System  : A resource failed to call release.
07-31 18:54:13.134  1019  1038 W System  : A resource failed to call release.
07-31 18:54:13.134  1019  1038 W System  : A resource failed to call release.
07-31 18:54:13.134  1019  1038 W System  : A resource failed to call release.
07-31 18:54:13.134  1019  1038 W System  : A resource failed to call release.
07-31 18:54:13.134  1019  1038 W System  : A resource failed to call release.
07-31 18:54:13.134  1019  1038 W System  : A resource failed to call release.
07-31 18:54:13.489  1019  1636 D EGL_emulation: app_time_stats: avg=7.88ms min=2.46ms max=87.22ms count=40
07-31 18:54:13.507 22429 22429 D LifecycleMonitor: Lifecycle status change: androidx.test.core.app.InstrumentationActivityInvoker$EmptyActivity@2eaa5ba in: STOPPED
07-31 18:54:13.507 22429 22429 V ActivityScenario: Activity lifecycle changed event received but ignored because the intent does not match. startActivityIntent=Intent { act=android.intent.action.MAIN cat=[android.intent.category.LAUNCHER] cmp=com.example.dogglers/.MainActivity }, activity.getIntent()=Intent { act=android.intent.action.MAIN cat=[android.intent.category.LAUNCHER] flg=0x10000000 cmp=com.example.dogglers/androidx.test.core.app.InstrumentationActivityInvoker$EmptyActivity }, activity=androidx.test.core.app.InstrumentationActivityInvoker$EmptyActivity@2eaa5ba
07-31 18:54:13.508 22429 22429 D LifecycleMonitor: Lifecycle status change: androidx.test.core.app.InstrumentationActivityInvoker$EmptyActivity@2eaa5ba in: DESTROYED
07-31 18:54:13.508 22429 22429 V ActivityScenario: Activity lifecycle changed event received but ignored because the intent does not match. startActivityIntent=Intent { act=android.intent.action.MAIN cat=[android.intent.category.LAUNCHER] cmp=com.example.dogglers/.MainActivity }, activity.getIntent()=Intent { act=android.intent.action.MAIN cat=[android.intent.category.LAUNCHER] flg=0x10000000 cmp=com.example.dogglers/androidx.test.core.app.InstrumentationActivityInvoker$EmptyActivity }, activity=androidx.test.core.app.InstrumentationActivityInvoker$EmptyActivity@2eaa5ba
07-31 18:54:13.510   509  2354 W InputManager-JNI: Input channel object '7265478 com.example.dogglers/androidx.test.core.app.InstrumentationActivityInvoker$EmptyActivity (client)' was disposed without first being removed with the input manager!
07-31 18:54:13.511 22429 22429 D LifecycleMonitor: Lifecycle status change: androidx.test.core.app.InstrumentationActivityInvoker$EmptyActivity@fbbdf2d in: STOPPED
07-31 18:54:13.511 22429 22429 V ActivityScenario: Activity lifecycle changed event received but ignored because the intent does not match. startActivityIntent=Intent { act=android.intent.action.MAIN cat=[android.intent.category.LAUNCHER] cmp=com.example.dogglers/.MainActivity }, activity.getIntent()=Intent { act=android.intent.action.MAIN cat=[android.intent.category.LAUNCHER] flg=0x10000000 cmp=com.example.dogglers/androidx.test.core.app.InstrumentationActivityInvoker$EmptyActivity }, activity=androidx.test.core.app.InstrumentationActivityInvoker$EmptyActivity@fbbdf2d
07-31 18:54:13.511 22429 22429 D LifecycleMonitor: Lifecycle status change: androidx.test.core.app.InstrumentationActivityInvoker$EmptyActivity@fbbdf2d in: DESTROYED
07-31 18:54:13.512 22429 22429 V ActivityScenario: Activity lifecycle changed event received but ignored because the intent does not match. startActivityIntent=Intent { act=android.intent.action.MAIN cat=[android.intent.category.LAUNCHER] cmp=com.example.dogglers/.MainActivity }, activity.getIntent()=Intent { act=android.intent.action.MAIN cat=[android.intent.category.LAUNCHER] flg=0x10000000 cmp=com.example.dogglers/androidx.test.core.app.InstrumentationActivityInvoker$EmptyActivity }, activity=androidx.test.core.app.InstrumentationActivityInvoker$EmptyActivity@fbbdf2d
07-31 18:54:13.512   509  2354 W InputManager-JNI: Input channel object 'd2a5f3a com.example.dogglers/androidx.test.core.app.InstrumentationActivityInvoker$EmptyActivity (client)' was disposed without first being removed with the input manager!
07-31 18:54:13.514 22429 22429 D LifecycleMonitor: Lifecycle status change: com.example.dogglers.MainActivity@6525124 in: STOPPED
07-31 18:54:13.514 22429 22429 V ActivityScenario: Update currentActivityStage to STOPPED, currentActivity=com.example.dogglers.MainActivity@6525124
07-31 18:54:13.515 22429 22429 D LifecycleMonitor: Lifecycle status change: com.example.dogglers.MainActivity@6525124 in: DESTROYED
07-31 18:54:13.515 22429 22429 V ActivityScenario: Update currentActivityStage to DESTROYED, currentActivity=null
07-31 18:54:13.515 22429 22450 I TestRunner: finished: vertical_list_button_is_displayed(com.example.dogglers.ButtonTests)
