07-31 18:54:07.742 22429 22450 I TestRunner: started: clicking_horizontal_list_button_displays_horizontal_list(com.example.dogglers.ButtonTests)
07-31 18:54:07.742 22429 22429 D LifecycleMonitor: Lifecycle status change: androidx.test.core.app.InstrumentationActivityInvoker$EmptyActivity@3c15471 in: DESTROYED
07-31 18:54:07.743   509   542 W InputManager-JNI: Input channel object 'b87249b com.example.dogglers/androidx.test.core.app.InstrumentationActivityInvoker$EmptyActivity (client)' was disposed without first being removed with the input manager!
07-31 18:54:07.746 22429 22450 W Settings: Setting always_finish_activities has moved from android.provider.Settings.System to android.provider.Settings.Global, returning read-only value.
07-31 18:54:07.759 22429 22429 D LifecycleMonitor: Lifecycle status change: androidx.test.core.app.InstrumentationActivityInvoker$BootstrapActivity@1142392 in: PRE_ON_CREATE
07-31 18:54:07.759 22429 22429 V ActivityScenario: Activity lifecycle changed event received but ignored because the intent does not match. startActivityIntent=Intent { act=android.intent.action.MAIN cat=[android.intent.category.LAUNCHER] cmp=com.example.dogglers/.MainActivity }, activity.getIntent()=Intent { act=android.intent.action.MAIN cat=[android.intent.category.LAUNCHER] flg=0x10008000 cmp=com.example.dogglers/androidx.test.core.app.InstrumentationActivityInvoker$BootstrapActivity (has extras) }, activity=androidx.test.core.app.InstrumentationActivityInvoker$BootstrapActivity@1142392
07-31 18:54:07.761 22429 22429 D LifecycleMonitor: Lifecycle status change: androidx.test.core.app.InstrumentationActivityInvoker$BootstrapActivity@1142392 in: CREATED
07-31 18:54:07.761 22429 22429 V ActivityScenario: Activity lifecycle changed event received but ignored because the intent does not match. startActivityIntent=Intent { act=android.intent.action.MAIN cat=[android.intent.category.LAUNCHER] cmp=com.example.dogglers/.MainActivity }, activity.getIntent()=Intent { act=android.intent.action.MAIN cat=[android.intent.category.LAUNCHER] flg=0x10008000 cmp=com.example.dogglers/androidx.test.core.app.InstrumentationActivityInvoker$BootstrapActivity (has extras) }, activity=androidx.test.core.app.InstrumentationActivityInvoker$BootstrapActivity@1142392
07-31 18:54:07.762 22429 22429 D LifecycleMonitor: Lifecycle status change: androidx.test.core.app.InstrumentationActivityInvoker$BootstrapActivity@1142392 in: STARTED
07-31 18:54:07.762 22429 22429 V ActivityScenario: Activity lifecycle changed event received but ignored because the intent does not match. startActivityIntent=Intent { act=android.intent.action.MAIN cat=[android.intent.category.LAUNCHER] cmp=com.example.dogglers/.MainActivity }, activity.getIntent()=Intent { act=android.intent.action.MAIN cat=[android.intent.category.LAUNCHER] flg=0x10008000 cmp=com.example.dogglers/androidx.test.core.app.InstrumentationActivityInvoker$BootstrapActivity (has extras) }, activity=androidx.test.core.app.InstrumentationActivityInvoker$BootstrapActivity@1142392
07-31 18:54:07.764 22429 22429 D LifecycleMonitor: Lifecycle status change: androidx.test.core.app.InstrumentationActivityInvoker$BootstrapActivity@1142392 in: RESUMED
07-31 18:54:07.764 22429 22429 V ActivityScenario: Activity lifecycle changed event received but ignored because the intent does not match. startActivityIntent=Intent { act=android.intent.action.MAIN cat=[android.intent.category.LAUNCHER] cmp=com.example.dogglers/.MainActivity }, activity.getIntent()=Intent { act=android.intent.action.MAIN cat=[android.intent.category.LAUNCHER] flg=0x10008000 cmp=com.example.dogglers/androidx.test.core.app.InstrumentationActivityInvoker$BootstrapActivity (has extras) }, activity=androidx.test.core.app.InstrumentationActivityInvoker$BootstrapActivity@1142392
07-31 18:54:07.765 22429 22429 D LifecycleMonitor: Lifecycle status change: androidx.test.core.app.InstrumentationActivityInvoker$BootstrapActivity@1142392 in: PAUSED
07-31 18:54:07.765 22429 22429 V ActivityScenario: Activity lifecycle changed event received but ignored because the intent does not match. startActivityIntent=Intent { act=android.intent.action.MAIN cat=[android.intent.category.LAUNCHER] cmp=com.example.dogglers/.MainActivity }, activity.getIntent()=Intent { act=android.intent.action.MAIN cat=[android.intent.category.LAUNCHER] flg=0x10008000 cmp=com.example.dogglers/androidx.test.core.app.InstrumentationActivityInvoker$BootstrapActivity (has extras) }, activity=androidx.test.core.app.InstrumentationActivityInvoker$BootstrapActivity@1142392
07-31 18:54:07.769   337   337 D goldfish-address-space: claimShared: Ask to claim region [0x1ef50c000 0x1efe74000]
07-31 18:54:07.771 22429 22429 D LifecycleMonitor: Lifecycle status change: com.example.dogglers.MainActivity@e44538c in: PRE_ON_CREATE
07-31 18:54:07.772 22429 22429 V ActivityScenario: Activity lifecycle changed event received but ignored because the reported transition was not ON_CREATE while the last known transition was PRE_ON_CREATE
07-31 18:54:07.772   337   337 D goldfish-address-space: claimShared: Ask to claim region [0x1ec000000 0x1ec968000]
07-31 18:54:07.776   337   337 D goldfish-address-space: claimShared: Ask to claim region [0x1ec968000 0x1ed2d0000]
07-31 18:54:07.784 22429 22429 D LifecycleMonitor: Lifecycle status change: com.example.dogglers.MainActivity@e44538c in: CREATED
07-31 18:54:07.784 22429 22429 V ActivityScenario: Update currentActivityStage to CREATED, currentActivity=com.example.dogglers.MainActivity@e44538c
07-31 18:54:07.785 22429 22429 D LifecycleMonitor: Lifecycle status change: com.example.dogglers.MainActivity@e44538c in: STARTED
07-31 18:54:07.785 22429 22429 V ActivityScenario: Update currentActivityStage to STARTED, currentActivity=com.example.dogglers.MainActivity@e44538c
07-31 18:54:07.785 22429 22429 D LifecycleMonitor: Lifecycle status change: com.example.dogglers.MainActivity@e44538c in: RESUMED
07-31 18:54:07.785 22429 22429 V ActivityScenario: Update currentActivityStage to RESUMED, currentActivity=com.example.dogglers.MainActivity@e44538c
07-31 18:54:07.787 22429 22450 W xample.doggler: Accessing hidden method Landroid/view/ViewConfiguration;->getDoubleTapMinTime()I (unsupported, reflection, allowed)
07-31 18:54:07.791 22429 22429 D LifecycleMonitor: Lifecycle status change: androidx.test.core.app.InstrumentationActivityInvoker$BootstrapActivity@1142392 in: STOPPED
07-31 18:54:07.792 22429 22429 V ActivityScenario: Activity lifecycle changed event received but ignored because the intent does not match. startActivityIntent=Intent { act=android.intent.action.MAIN cat=[android.intent.category.LAUNCHER] cmp=com.example.dogglers/.MainActivity }, activity.getIntent()=Intent { act=android.intent.action.MAIN cat=[android.intent.category.LAUNCHER] flg=0x10008000 cmp=com.example.dogglers/androidx.test.core.app.InstrumentationActivityInvoker$BootstrapActivity (has extras) }, activity=androidx.test.core.app.InstrumentationActivityInvoker$BootstrapActivity@1142392
07-31 18:54:07.792   760   831 D EGL_emulation: app_time_stats: avg=55.41ms min=3.51ms max=362.37ms count=15
07-31 18:54:07.794   760   831 D EGL_emulation: app_time_stats: avg=58.76ms min=3.34ms max=353.64ms count=17
07-31 18:54:07.808   337   337 D goldfish-address-space: claimShared: Ask to claim region [0x1f65a0000 0x1f6f08000]
07-31 18:54:07.809   337   337 D goldfish-address-space: claimShared: Ask to claim region [0x1f6f08000 0x1f7870000]
07-31 18:54:07.810   337   337 D goldfish-address-space: claimShared: Ask to claim region [0x1f4000000 0x1f4968000]
07-31 18:54:07.820   509   544 I ActivityTaskManager: Displayed com.example.dogglers/.MainActivity: +70ms
07-31 18:54:07.825 22429 22429 D RootViewPicker: Root not ready - waiting: 10ms for one to appear.
07-31 18:54:07.841  7329  7329 I GoogleInputMethodService: GoogleInputMethodService.onFinishInput():3420
07-31 18:54:07.841  7329  7329 I GoogleInputMethodService: GoogleInputMethodService.onStartInput():2002
07-31 18:54:07.843  7329  7329 I DeviceUnlockedTag: DeviceUnlockedTag.notifyDeviceLockStatusChanged():31 Notify device unlocked.
07-31 18:54:07.856  2756  2756 I GsaVoiceInteractionSrv: Handling ACTION_STOP_HOTWORD
07-31 18:54:07.856  2756  2756 E HwDetectorWithState: a: 3
07-31 18:54:07.904 22429 22429 I ViewInteraction: Performing 'single click' action on view view.getId() is <2131230947/com.example.dogglers:id/horizontal_btn>
07-31 18:54:08.027 22429 22429 D LifecycleMonitor: Lifecycle status change: com.example.dogglers.MainActivity@e44538c in: PAUSED
07-31 18:54:08.028 22429 22429 V ActivityScenario: Update currentActivityStage to PAUSED, currentActivity=com.example.dogglers.MainActivity@e44538c
07-31 18:54:08.058 22429 22429 D LifecycleMonitor: Lifecycle status change: com.example.dogglers.HorizontalListActivity@b6edc29 in: PRE_ON_CREATE
07-31 18:54:08.058 22429 22429 V ActivityScenario: Activity lifecycle changed event received but ignored because the intent does not match. startActivityIntent=Intent { act=android.intent.action.MAIN cat=[android.intent.category.LAUNCHER] cmp=com.example.dogglers/.MainActivity }, activity.getIntent()=Intent { cmp=com.example.dogglers/.HorizontalListActivity }, activity=com.example.dogglers.HorizontalListActivity@b6edc29
07-31 18:54:08.077 22429 22429 D LifecycleMonitor: Lifecycle status change: com.example.dogglers.HorizontalListActivity@b6edc29 in: CREATED
07-31 18:54:08.077 22429 22429 V ActivityScenario: Activity lifecycle changed event received but ignored because the intent does not match. startActivityIntent=Intent { act=android.intent.action.MAIN cat=[android.intent.category.LAUNCHER] cmp=com.example.dogglers/.MainActivity }, activity.getIntent()=Intent { cmp=com.example.dogglers/.HorizontalListActivity }, activity=com.example.dogglers.HorizontalListActivity@b6edc29
07-31 18:54:08.077 22429 22429 D LifecycleMonitor: Lifecycle status change: com.example.dogglers.HorizontalListActivity@b6edc29 in: STARTED
07-31 18:54:08.077 22429 22429 V ActivityScenario: Activity lifecycle changed event received but ignored because the intent does not match. startActivityIntent=Intent { act=android.intent.action.MAIN cat=[android.intent.category.LAUNCHER] cmp=com.example.dogglers/.MainActivity }, activity.getIntent()=Intent { cmp=com.example.dogglers/.HorizontalListActivity }, activity=com.example.dogglers.HorizontalListActivity@b6edc29
07-31 18:54:08.077 22429 22429 D LifecycleMonitor: Lifecycle status change: com.example.dogglers.HorizontalListActivity@b6edc29 in: RESUMED
07-31 18:54:08.078 22429 22429 V ActivityScenario: Activity lifecycle changed event received but ignored because the intent does not match. startActivityIntent=Intent { act=android.intent.action.MAIN cat=[android.intent.category.LAUNCHER] cmp=com.example.dogglers/.MainActivity }, activity.getIntent()=Intent { cmp=com.example.dogglers/.HorizontalListActivity }, activity=com.example.dogglers.HorizontalListActivity@b6edc29
07-31 18:54:08.085 13494 13494 I A       : onApplyWindowInsets: systemWindowInsets=Insets{left=0, top=66, right=0, bottom=132}
07-31 18:54:08.085 13494 13494 I A       : onApplyWindowInsets: systemWindowInsets=Insets{left=0, top=66, right=0, bottom=132}
07-31 18:54:08.191   337   337 D goldfish-address-space: claimShared: Ask to claim region [0x1ed2d0000 0x1edc38000]
07-31 18:54:08.192   509  1635 W InputManager-JNI: Input channel object '3b2b4e5 Splash Screen com.example.dogglers (client)' was disposed without first being removed with the input manager!
07-31 18:54:08.193   337   337 D goldfish-address-space: claimShared: Ask to claim region [0x1edc38000 0x1ee5a0000]
07-31 18:54:08.193   337   337 D goldfish-address-space: claimShared: Ask to claim region [0x1f120c000 0x1f1b74000]
07-31 18:54:08.215   509   544 I ActivityTaskManager: Displayed com.example.dogglers/.HorizontalListActivity: +192ms
07-31 18:54:08.290  7329  7329 I GoogleInputMethodService: GoogleInputMethodService.onFinishInput():3420
07-31 18:54:08.290  7329  7329 I GoogleInputMethodService: GoogleInputMethodService.onStartInput():2002
07-31 18:54:08.290  7329  7329 I DeviceUnlockedTag: DeviceUnlockedTag.notifyDeviceLockStatusChanged():31 Notify device unlocked.
07-31 18:54:08.488 22429 22429 I ViewInteraction: Checking 'MatchesViewAssertion{viewMatcher=(view has effective visibility <VISIBLE> and view.getGlobalVisibleRect() to return non-empty rectangle)}' assertion on view view.getId() is <2131230949/com.example.dogglers:id/horizontal_recycler_view>
07-31 18:54:08.492 22429 22429 D LifecycleMonitor: Lifecycle status change: com.example.dogglers.HorizontalListActivity@b6edc29 in: PAUSED
07-31 18:54:08.492 22429 22429 V ActivityScenario: Activity lifecycle changed event received but ignored because the intent does not match. startActivityIntent=Intent { act=android.intent.action.MAIN cat=[android.intent.category.LAUNCHER] cmp=com.example.dogglers/.MainActivity }, activity.getIntent()=Intent { cmp=com.example.dogglers/.HorizontalListActivity }, activity=com.example.dogglers.HorizontalListActivity@b6edc29
07-31 18:54:08.495 22429 22429 D LifecycleMonitor: Lifecycle status change: androidx.test.core.app.InstrumentationActivityInvoker$EmptyActivity@b15d21 in: PRE_ON_CREATE
07-31 18:54:08.495 22429 22429 V ActivityScenario: Activity lifecycle changed event received but ignored because the intent does not match. startActivityIntent=Intent { act=android.intent.action.MAIN cat=[android.intent.category.LAUNCHER] cmp=com.example.dogglers/.MainActivity }, activity.getIntent()=Intent { act=android.intent.action.MAIN cat=[android.intent.category.LAUNCHER] flg=0x10000000 cmp=com.example.dogglers/androidx.test.core.app.InstrumentationActivityInvoker$EmptyActivity }, activity=androidx.test.core.app.InstrumentationActivityInvoker$EmptyActivity@b15d21
07-31 18:54:08.498 22429 22429 D LifecycleMonitor: Lifecycle status change: androidx.test.core.app.InstrumentationActivityInvoker$EmptyActivity@b15d21 in: CREATED
07-31 18:54:08.498 22429 22429 V ActivityScenario: Activity lifecycle changed event received but ignored because the intent does not match. startActivityIntent=Intent { act=android.intent.action.MAIN cat=[android.intent.category.LAUNCHER] cmp=com.example.dogglers/.MainActivity }, activity.getIntent()=Intent { act=android.intent.action.MAIN cat=[android.intent.category.LAUNCHER] flg=0x10000000 cmp=com.example.dogglers/androidx.test.core.app.InstrumentationActivityInvoker$EmptyActivity }, activity=androidx.test.core.app.InstrumentationActivityInvoker$EmptyActivity@b15d21
07-31 18:54:08.499 22429 22429 D LifecycleMonitor: Lifecycle status change: androidx.test.core.app.InstrumentationActivityInvoker$EmptyActivity@b15d21 in: STARTED
07-31 18:54:08.499 22429 22429 V ActivityScenario: Activity lifecycle changed event received but ignored because the intent does not match. startActivityIntent=Intent { act=android.intent.action.MAIN cat=[android.intent.category.LAUNCHER] cmp=com.example.dogglers/.MainActivity }, activity.getIntent()=Intent { act=android.intent.action.MAIN cat=[android.intent.category.LAUNCHER] flg=0x10000000 cmp=com.example.dogglers/androidx.test.core.app.InstrumentationActivityInvoker$EmptyActivity }, activity=androidx.test.core.app.InstrumentationActivityInvoker$EmptyActivity@b15d21
07-31 18:54:08.500 22429 22429 D LifecycleMonitor: Lifecycle status change: androidx.test.core.app.InstrumentationActivityInvoker$EmptyActivity@b15d21 in: RESUMED
07-31 18:54:08.500 22429 22429 V ActivityScenario: Activity lifecycle changed event received but ignored because the intent does not match. startActivityIntent=Intent { act=android.intent.action.MAIN cat=[android.intent.category.LAUNCHER] cmp=com.example.dogglers/.MainActivity }, activity.getIntent()=Intent { act=android.intent.action.MAIN cat=[android.intent.category.LAUNCHER] flg=0x10000000 cmp=com.example.dogglers/androidx.test.core.app.InstrumentationActivityInvoker$EmptyActivity }, activity=androidx.test.core.app.InstrumentationActivityInvoker$EmptyActivity@b15d21
07-31 18:54:08.553   337   337 D goldfish-address-space: claimShared: Ask to claim region [0x1ee5a0000 0x1eef08000]
07-31 18:54:08.555   337   337 D goldfish-address-space: claimShared: Ask to claim region [0x1eef08000 0x1ef870000]
07-31 18:54:08.556   337   337 D goldfish-address-space: claimShared: Ask to claim region [0x1ec000000 0x1ec968000]
07-31 18:54:08.578   509   544 I ActivityTaskManager: Displayed com.example.dogglers/androidx.test.core.app.InstrumentationActivityInvoker$EmptyActivity: +87ms
07-31 18:54:08.590 22429 22429 D LifecycleMonitor: Lifecycle status change: androidx.test.core.app.InstrumentationActivityInvoker$EmptyActivity@b15d21 in: PAUSED
07-31 18:54:08.590 22429 22429 V ActivityScenario: Activity lifecycle changed event received but ignored because the intent does not match. startActivityIntent=Intent { act=android.intent.action.MAIN cat=[android.intent.category.LAUNCHER] cmp=com.example.dogglers/.MainActivity }, activity.getIntent()=Intent { act=android.intent.action.MAIN cat=[android.intent.category.LAUNCHER] flg=0x10000000 cmp=com.example.dogglers/androidx.test.core.app.InstrumentationActivityInvoker$EmptyActivity }, activity=androidx.test.core.app.InstrumentationActivityInvoker$EmptyActivity@b15d21
07-31 18:54:08.604 22429 22429 D LifecycleMonitor: Lifecycle status change: androidx.test.core.app.InstrumentationActivityInvoker$BootstrapActivity@1142392 in: DESTROYED
07-31 18:54:08.604 22429 22429 V ActivityScenario: Activity lifecycle changed event received but ignored because the intent does not match. startActivityIntent=Intent { act=android.intent.action.MAIN cat=[android.intent.category.LAUNCHER] cmp=com.example.dogglers/.MainActivity }, activity.getIntent()=Intent { act=android.intent.action.MAIN cat=[android.intent.category.LAUNCHER] flg=0x10008000 cmp=com.example.dogglers/androidx.test.core.app.InstrumentationActivityInvoker$BootstrapActivity (has extras) }, activity=androidx.test.core.app.InstrumentationActivityInvoker$BootstrapActivity@1142392
07-31 18:54:08.608 22429 22429 D LifecycleMonitor: Lifecycle status change: androidx.test.core.app.InstrumentationActivityInvoker$EmptyActivity@554dbf7 in: PRE_ON_CREATE
07-31 18:54:08.608 22429 22429 V ActivityScenario: Activity lifecycle changed event received but ignored because the intent does not match. startActivityIntent=Intent { act=android.intent.action.MAIN cat=[android.intent.category.LAUNCHER] cmp=com.example.dogglers/.MainActivity }, activity.getIntent()=Intent { act=android.intent.action.MAIN cat=[android.intent.category.LAUNCHER] flg=0x10000000 cmp=com.example.dogglers/androidx.test.core.app.InstrumentationActivityInvoker$EmptyActivity }, activity=androidx.test.core.app.InstrumentationActivityInvoker$EmptyActivity@554dbf7
07-31 18:54:08.610 22429 22429 D LifecycleMonitor: Lifecycle status change: androidx.test.core.app.InstrumentationActivityInvoker$EmptyActivity@554dbf7 in: CREATED
07-31 18:54:08.610 22429 22429 V ActivityScenario: Activity lifecycle changed event received but ignored because the intent does not match. startActivityIntent=Intent { act=android.intent.action.MAIN cat=[android.intent.category.LAUNCHER] cmp=com.example.dogglers/.MainActivity }, activity.getIntent()=Intent { act=android.intent.action.MAIN cat=[android.intent.category.LAUNCHER] flg=0x10000000 cmp=com.example.dogglers/androidx.test.core.app.InstrumentationActivityInvoker$EmptyActivity }, activity=androidx.test.core.app.InstrumentationActivityInvoker$EmptyActivity@554dbf7
07-31 18:54:08.611 22429 22429 D LifecycleMonitor: Lifecycle status change: androidx.test.core.app.InstrumentationActivityInvoker$EmptyActivity@554dbf7 in: STARTED
07-31 18:54:08.611 22429 22429 V ActivityScenario: Activity lifecycle changed event received but ignored because the intent does not match. startActivityIntent=Intent { act=android.intent.action.MAIN cat=[android.intent.category.LAUNCHER] cmp=com.example.dogglers/.MainActivity }, activity.getIntent()=Intent { act=android.intent.action.MAIN cat=[android.intent.category.LAUNCHER] flg=0x10000000 cmp=com.example.dogglers/androidx.test.core.app.InstrumentationActivityInvoker$EmptyActivity }, activity=androidx.test.core.app.InstrumentationActivityInvoker$EmptyActivity@554dbf7
07-31 18:54:08.611 22429 22429 D LifecycleMonitor: Lifecycle status change: androidx.test.core.app.InstrumentationActivityInvoker$EmptyActivity@554dbf7 in: RESUMED
07-31 18:54:08.612 22429 22429 V ActivityScenario: Activity lifecycle changed event received but ignored because the intent does not match. startActivityIntent=Intent { act=android.intent.action.MAIN cat=[android.intent.category.LAUNCHER] cmp=com.example.dogglers/.MainActivity }, activity.getIntent()=Intent { act=android.intent.action.MAIN cat=[android.intent.category.LAUNCHER] flg=0x10000000 cmp=com.example.dogglers/androidx.test.core.app.InstrumentationActivityInvoker$EmptyActivity }, activity=androidx.test.core.app.InstrumentationActivityInvoker$EmptyActivity@554dbf7
07-31 18:54:08.703   337   337 D goldfish-address-space: claimShared: Ask to claim region [0x1ec968000 0x1ed2d0000]
07-31 18:54:08.705   337   337 D goldfish-address-space: claimShared: Ask to claim region [0x1f4968000 0x1f52d0000]
07-31 18:54:08.706   337   337 D goldfish-address-space: claimShared: Ask to claim region [0x1f52d0000 0x1f5c38000]
07-31 18:54:08.740   509   544 I ActivityTaskManager: Displayed com.example.dogglers/androidx.test.core.app.InstrumentationActivityInvoker$EmptyActivity: +159ms
07-31 18:54:08.753 22429 22452 D OpenGLRenderer: endAllActiveAnimators on 0xb400006ea11486f0 (RippleDrawable) with handle 0xb400006db1160950
07-31 18:54:08.759 22429 22429 D LifecycleMonitor: Lifecycle status change: androidx.test.core.app.InstrumentationActivityInvoker$EmptyActivity@b15d21 in: STOPPED
07-31 18:54:08.759 22429 22429 V ActivityScenario: Activity lifecycle changed event received but ignored because the intent does not match. startActivityIntent=Intent { act=android.intent.action.MAIN cat=[android.intent.category.LAUNCHER] cmp=com.example.dogglers/.MainActivity }, activity.getIntent()=Intent { act=android.intent.action.MAIN cat=[android.intent.category.LAUNCHER] flg=0x10000000 cmp=com.example.dogglers/androidx.test.core.app.InstrumentationActivityInvoker$EmptyActivity }, activity=androidx.test.core.app.InstrumentationActivityInvoker$EmptyActivity@b15d21
07-31 18:54:08.760 22429 22429 D LifecycleMonitor: Lifecycle status change: com.example.dogglers.HorizontalListActivity@b6edc29 in: STOPPED
07-31 18:54:08.760 22429 22429 V ActivityScenario: Activity lifecycle changed event received but ignored because the intent does not match. startActivityIntent=Intent { act=android.intent.action.MAIN cat=[android.intent.category.LAUNCHER] cmp=com.example.dogglers/.MainActivity }, activity.getIntent()=Intent { cmp=com.example.dogglers/.HorizontalListActivity }, activity=com.example.dogglers.HorizontalListActivity@b6edc29
07-31 18:54:08.762 22429 22429 D LifecycleMonitor: Lifecycle status change: com.example.dogglers.MainActivity@e44538c in: STOPPED
07-31 18:54:08.762 22429 22429 V ActivityScenario: Update currentActivityStage to STOPPED, currentActivity=com.example.dogglers.MainActivity@e44538c
07-31 18:54:08.762 22429 22429 D LifecycleMonitor: Lifecycle status change: com.example.dogglers.MainActivity@e44538c in: DESTROYED
07-31 18:54:08.762 22429 22429 V ActivityScenario: Update currentActivityStage to DESTROYED, currentActivity=null
07-31 18:54:08.763   509   542 W InputManager-JNI: Input channel object '6cfd9c2 com.example.dogglers/com.example.dogglers.MainActivity (client)' was disposed without first being removed with the input manager!
07-31 18:54:08.765   337   337 D goldfish-address-space: claimShared: Ask to claim region [0x1ef870000 0x1efe74000]
07-31 18:54:08.771  7329  7329 I GoogleInputMethodService: GoogleInputMethodService.onFinishInput():3420
07-31 18:54:08.772  7329  7329 I GoogleInputMethodService: GoogleInputMethodService.onStartInput():2002
07-31 18:54:08.772  7329  7329 I DeviceUnlockedTag: DeviceUnlockedTag.notifyDeviceLockStatusChanged():31 Notify device unlocked.
07-31 18:54:08.776 22429 22429 D LifecycleMonitor: Lifecycle status change: androidx.test.core.app.InstrumentationActivityInvoker$EmptyActivity@b15d21 in: DESTROYED
07-31 18:54:08.776 22429 22429 V ActivityScenario: Activity lifecycle changed event received but ignored because the intent does not match. startActivityIntent=Intent { act=android.intent.action.MAIN cat=[android.intent.category.LAUNCHER] cmp=com.example.dogglers/.MainActivity }, activity.getIntent()=Intent { act=android.intent.action.MAIN cat=[android.intent.category.LAUNCHER] flg=0x10000000 cmp=com.example.dogglers/androidx.test.core.app.InstrumentationActivityInvoker$EmptyActivity }, activity=androidx.test.core.app.InstrumentationActivityInvoker$EmptyActivity@b15d21
07-31 18:54:08.776   509  2398 W InputManager-JNI: Input channel object 'd513ace com.example.dogglers/androidx.test.core.app.InstrumentationActivityInvoker$EmptyActivity (client)' was disposed without first being removed with the input manager!
07-31 18:54:08.777 22429 22429 D LifecycleMonitor: Lifecycle status change: androidx.test.core.app.InstrumentationActivityInvoker$EmptyActivity@554dbf7 in: PAUSED
07-31 18:54:08.777 22429 22429 V ActivityScenario: Activity lifecycle changed event received but ignored because the intent does not match. startActivityIntent=Intent { act=android.intent.action.MAIN cat=[android.intent.category.LAUNCHER] cmp=com.example.dogglers/.MainActivity }, activity.getIntent()=Intent { act=android.intent.action.MAIN cat=[android.intent.category.LAUNCHER] flg=0x10000000 cmp=com.example.dogglers/androidx.test.core.app.InstrumentationActivityInvoker$EmptyActivity }, activity=androidx.test.core.app.InstrumentationActivityInvoker$EmptyActivity@554dbf7
07-31 18:54:08.779 22429 22429 D LifecycleMonitor: Lifecycle status change: com.example.dogglers.HorizontalListActivity@b6edc29 in: RESTARTED
07-31 18:54:08.779 22429 22429 V ActivityScenario: Activity lifecycle changed event received but ignored because the intent does not match. startActivityIntent=Intent { act=android.intent.action.MAIN cat=[android.intent.category.LAUNCHER] cmp=com.example.dogglers/.MainActivity }, activity.getIntent()=Intent { cmp=com.example.dogglers/.HorizontalListActivity }, activity=com.example.dogglers.HorizontalListActivity@b6edc29
07-31 18:54:08.779 22429 22429 D LifecycleMonitor: Lifecycle status change: com.example.dogglers.HorizontalListActivity@b6edc29 in: STARTED
07-31 18:54:08.779 22429 22429 V ActivityScenario: Activity lifecycle changed event received but ignored because the intent does not match. startActivityIntent=Intent { act=android.intent.action.MAIN cat=[android.intent.category.LAUNCHER] cmp=com.example.dogglers/.MainActivity }, activity.getIntent()=Intent { cmp=com.example.dogglers/.HorizontalListActivity }, activity=com.example.dogglers.HorizontalListActivity@b6edc29
07-31 18:54:08.780 22429 22429 D LifecycleMonitor: Lifecycle status change: com.example.dogglers.HorizontalListActivity@b6edc29 in: RESUMED
07-31 18:54:08.780 22429 22429 V ActivityScenario: Activity lifecycle changed event received but ignored because the intent does not match. startActivityIntent=Intent { act=android.intent.action.MAIN cat=[android.intent.category.LAUNCHER] cmp=com.example.dogglers/.MainActivity }, activity.getIntent()=Intent { cmp=com.example.dogglers/.HorizontalListActivity }, activity=com.example.dogglers.HorizontalListActivity@b6edc29
07-31 18:54:08.790   337   337 D goldfish-address-space: claimShared: Ask to claim region [0x1ec000000 0x1ec968000]
07-31 18:54:08.791   337   337 D goldfish-address-space: claimShared: Ask to claim region [0x1ed2d0000 0x1edc38000]
07-31 18:54:08.792   337   337 D goldfish-address-space: claimShared: Ask to claim region [0x1edc38000 0x1ee5a0000]
07-31 18:54:08.797 22429 22450 I TestRunner: finished: clicking_horizontal_list_button_displays_horizontal_list(com.example.dogglers.ButtonTests)
